
================================================================================
🎮 GAME MARKET EVENT ANALYZER – COMPLETE PIPELINE
================================================================================
⏰ Started at: 2025-12-18 08:58:48


================================================================================
📥 STEP 0: DATA LOADING & DOWNLOAD
================================================================================
BASE_DIR: /files/capstone_project/game-market-event-analyzer
RAW_DATA: /files/capstone_project/game-market-event-analyzer/data/raw
PROCESSED_DATA: /files/capstone_project/game-market-event-analyzer/data/processed

▶️  Running data_loader.py...

================================================================================
📥 DATA LOADER - DOWNLOAD & BUILD PRICES
================================================================================

🌐 STEP 1: DOWNLOAD RAW DATA
--------------------------------------------------------------------------------
📊 Downloading TTWO...
   ✅ Saved: TTWO_2010_2025.csv

📊 Downloading game stocks...
   ✅ Saved: GameStocks_SP500_2010_2025.csv

📊 Downloading EA...
   ✅ Saved: EA_2010_2025.csv

📊 Downloading VIX...
   ✅ Saved: VIX_2010_2025.csv

🌐 STEP 2: BUILD PRICES
--------------------------------------------------------------------------------
🔨 Building prices_long.csv...
   ✅ Saved: /files/capstone_project/game-market-event-analyzer/data/processed/prices_long.csv
   Shape: (23958, 3)
   Tickers: ['ATVI', 'EA', 'NTDOY', 'TTWO', 'UBSFY', '^GSPC']
   Date range: 2010-01-04 to 2025-11-14

================================================================================
✅ DATA LOADING COMPLETE
================================================================================
📁 All data saved to: /files/capstone_project/game-market-event-analyzer/data/processed

✅ Step 0 complete: Raw data downloaded & prices built


================================================================================
📊 STEP 1: FEATURES ENGINEERING
================================================================================
BASE_DIR: /files/capstone_project/game-market-event-analyzer
DATA_RAW exists: True
DATA_PROCESSED exists: True
▶️  Step 1a: compute_returns...
Project root: /files/capstone_project/game-market-event-analyzer
Data processed: /files/capstone_project/game-market-event-analyzer/data/processed

✅ Loaded 23958 records
        date ticker  adj_close
0 2010-01-04   ATVI  17.647135
1 2010-01-05   ATVI  18.143003
2 2010-01-06   ATVI  17.676306
3 2010-01-07   ATVI  17.540186
4 2010-01-08   ATVI  17.890205

Unique tickers: ['ATVI' 'EA' 'NTDOY' 'TTWO' 'UBI' 'SP500']

✅ Computed daily returns
        date ticker  adj_close    return
0 2010-01-04   ATVI  17.647135       NaN
1 2010-01-05   ATVI  18.143003  0.028099
2 2010-01-06   ATVI  17.676306 -0.025723
3 2010-01-07   ATVI  17.540186 -0.007701
4 2010-01-08   ATVI  17.890205  0.019955
5 2010-01-11   ATVI  17.763807 -0.007065
6 2010-01-12   ATVI  16.383150 -0.077723
7 2010-01-13   ATVI  16.694288  0.018991
8 2010-01-14   ATVI  16.704012  0.000582
9 2010-01-15   ATVI  16.558168 -0.008731

✅ Added market returns
        date ticker  adj_close    return  market_return
0 2010-01-04   ATVI  17.647135       NaN            NaN
1 2010-01-05   ATVI  18.143003  0.028099       0.003116
2 2010-01-06   ATVI  17.676306 -0.025723       0.000546
3 2010-01-07   ATVI  17.540186 -0.007701       0.004001
4 2010-01-08   ATVI  17.890205  0.019955       0.002882
5 2010-01-11   ATVI  17.763807 -0.007065       0.001747
6 2010-01-12   ATVI  16.383150 -0.077723      -0.009381
7 2010-01-13   ATVI  16.694288  0.018991       0.008326
8 2010-01-14   ATVI  16.704012  0.000582       0.002426
9 2010-01-15   ATVI  16.558168 -0.008731      -0.010823

✅ Saved to: /files/capstone_project/game-market-event-analyzer/data/processed/prices_with_returns.csv
   Shape: (23958, 5)
   Columns: ['date', 'ticker', 'adj_close', 'return', 'market_return']
▶️  Step 1b: merge_event_returns...
Project root: /files/capstone_project/game-market-event-analyzer
Data raw: /files/capstone_project/game-market-event-analyzer/data/raw
Data processed: /files/capstone_project/game-market-event-analyzer/data/processed

✅ Loaded 152 events
                      event_id  ...                                              notes
0  TTWO_2011_GTA5_ANNOUNCEMENT  ...  Rockstar announces Grand Theft Auto V with fir...
1           GTAV_2011_TRAILER1  ...                                   GTA V Trailer #1
2        GTAV_2012_SCREENSHOTS  ...                             First screenshot batch
3           GTAV_2012_TRAILER2  ...                                   GTA V Trailer #2
4              GTAV_2013_DELAY  ...                            Delay to September 2013

[5 rows x 13 columns]

✅ Loaded 23958 price records

⚠️  3 events have no exact date match, finding next trading day...

✅ Merged events with prices
                      event_id       date  ...    return market_return
0  TTWO_2011_GTA5_ANNOUNCEMENT 2011-10-25  ...  0.057679     -0.020045
1           GTAV_2011_TRAILER1 2011-11-02  ...  0.022891      0.016105
2        GTAV_2012_SCREENSHOTS 2012-07-12  ... -0.006550     -0.004987
3           GTAV_2012_TRAILER2 2012-11-14  ... -0.003475     -0.013852
4              GTAV_2013_DELAY 2013-01-31  ... -0.068147     -0.002563

[5 rows x 16 columns]

✅ Saved to: /files/capstone_project/game-market-event-analyzer/data/processed/events_with_returns.csv
   Shape: (152, 16)
   Columns: ['event_id', 'date', 'publisher', 'ticker', 'studio', 'is_rockstar', 'game', 'franchise', 'event_type', 'sentiment', 'impact_expectation_manual', 'source_url', 'notes', 'adj_close', 'return', 'market_return']
▶️  Step 1c: compute_ar_car...
Project root: /files/capstone_project/game-market-event-analyzer
Data processed: /files/capstone_project/game-market-event-analyzer/data/processed

✅ Loaded 23958 price records
        date ticker  adj_close    return  market_return
0 2010-01-04   ATVI  17.647135       NaN            NaN
1 2010-01-05   ATVI  18.143003  0.028099       0.003116
2 2010-01-06   ATVI  17.676306 -0.025723       0.000546
3 2010-01-07   ATVI  17.540186 -0.007701       0.004001
4 2010-01-08   ATVI  17.890205  0.019955       0.002882
   ATVI: alpha=0.000390, beta=0.826401
   EA: alpha=0.000390, beta=0.826401
   NTDOY: alpha=-0.000061, beta=0.644210
   SP500: alpha=0.000000, beta=1.000000
   TTWO: alpha=0.000546, beta=0.939354
   UBI: alpha=0.000266, beta=0.636621

✅ Computed Abnormal Returns (AR)
        date ticker  adj_close  ...  market_return  expected_return        AR
0 2010-01-04   ATVI  17.647135  ...            NaN              NaN       NaN
1 2010-01-05   ATVI  18.143003  ...       0.003116         0.002965  0.025134
2 2010-01-06   ATVI  17.676306  ...       0.000546         0.000841 -0.026564
3 2010-01-07   ATVI  17.540186  ...       0.004001         0.003697 -0.011397
4 2010-01-08   ATVI  17.890205  ...       0.002882         0.002772  0.017184
5 2010-01-11   ATVI  17.763807  ...       0.001747         0.001834 -0.008899
6 2010-01-12   ATVI  16.383150  ...      -0.009381        -0.007362 -0.070361
7 2010-01-13   ATVI  16.694288  ...       0.008326         0.007271  0.011721
8 2010-01-14   ATVI  16.704012  ...       0.002426         0.002395 -0.001813
9 2010-01-15   ATVI  16.558168  ...      -0.010823        -0.008554 -0.000177

[10 rows x 7 columns]

✅ Saved to: /files/capstone_project/game-market-event-analyzer/data/processed/prices_with_ar.csv
   Shape: (23958, 7)
   Columns: ['date', 'ticker', 'adj_close', 'return', 'market_return', 'expected_return', 'AR']
▶️  Step 1d: car_into_labels...
Project root: /files/capstone_project/game-market-event-analyzer
Data processed: /files/capstone_project/game-market-event-analyzer/data/processed

✅ Loaded 152 events
                      event_id        date  ...    return market_return
0  TTWO_2011_GTA5_ANNOUNCEMENT  2011-10-25  ...  0.057679     -0.020045
1           GTAV_2011_TRAILER1  2011-11-02  ...  0.022891      0.016105
2        GTAV_2012_SCREENSHOTS  2012-07-12  ... -0.006550     -0.004987
3           GTAV_2012_TRAILER2  2012-11-14  ... -0.003475     -0.013852
4              GTAV_2013_DELAY  2013-01-31  ... -0.068147     -0.002563

[5 rows x 16 columns]

🔨 Computing CAR windows...
✅ CAR windows computed
  ticker       date trading_date  ...   CAR_0_1   CAR_0_3   CAR_0_5
0   TTWO 2011-10-25   2011-10-25  ...  0.068804  0.095792  0.095792
1   TTWO 2011-11-02   2011-11-02  ...  0.005652  0.011005 -0.016210
2   TTWO 2012-07-12   2012-07-12  ... -0.041531 -0.041531 -0.033895
3   TTWO 2012-11-14   2012-11-14  ...  0.016916  0.037798  0.060788
4   TTWO 2013-01-31   2013-01-31  ... -0.026151 -0.026151 -0.035325

[5 rows x 8 columns]

✅ Impact labels created
   Label distribution:
impact_label
High      64
Medium    50
Low       38
Name: count, dtype: int64

✅ Saved to: /files/capstone_project/game-market-event-analyzer/data/processed/events_labeled.csv
   Shape: (152, 25)
   Columns: ['event_id', 'date', 'publisher', 'ticker', 'studio', 'is_rockstar', 'game', 'franchise', 'event_type', 'sentiment', 'impact_expectation_manual', 'source_url', 'notes', 'adj_close', 'return', 'market_return', 'trading_date', 'AR_event', 'CAR_m1_p1', 'CAR_0_1', 'CAR_0_3', 'CAR_0_5', 'impact_label', 'impact_label_num', 'impact_high']
✅ Step 1 complete: Features engineered


================================================================================
🎯 STEP 2: BUILD ML DATASET
================================================================================
▶️  Running build_ml_dataset...
Loaded events_labeled.csv with shape: (152, 25)
Columns: ['event_id', 'date', 'publisher', 'ticker', 'studio', 'is_rockstar', 'game', 'franchise', 'event_type', 'sentiment', 'impact_expectation_manual', 'source_url', 'notes', 'adj_close', 'return', 'market_return', 'trading_date', 'AR_event', 'CAR_m1_p1', 'CAR_0_1', 'CAR_0_3', 'CAR_0_5', 'impact_label', 'impact_label_num', 'impact_high']

📊 Event type mapping:
Before simplification:
event_type
earnings              97
release               22
trailer/reveal        12
major announcement     8
delay                  7
controversy            3
corporate event        2
leak                   1
Name: count, dtype: int64

After simplification:
event_type
corporate    99
release      22
marketing    20
negative     11
Name: count, dtype: int64
📈 Loading VIX from: /files/capstone_project/game-market-event-analyzer/data/raw/VIX_2010_2025.csv
   VIX columns (raw): ['Date', '^VIX']
   VIX columns (normalized): ['date', '^vix']
   Using column '^vix' as VIX level

📈 VIX sample:
        date  vix_level  vix_30d_mean vix_regime
0 2010-01-04  20.040001     20.040001       high
1 2010-01-05  19.350000     19.695001       high
2 2010-01-06  19.160000     19.516667       high
3 2010-01-07  19.059999     19.402500     medium
4 2010-01-08  18.129999     19.148000     medium

🎯 After VIX merge (first rows):
  trading_date  vix_level  vix_30d_mean vix_regime
0   2011-10-25  32.220001     35.409000       high
1   2011-11-02  32.740002     34.637667       high
2   2012-07-12  18.330000     20.295000     medium
3   2012-11-14  17.920000     16.773000     medium
4   2013-01-31  14.280000     14.986000        low

📌 Target distributions:
impact_label_num:
impact_label_num
0    38
1    50
2    64
Name: count, dtype: int64

impact_high:
impact_high
0    88
1    64
Name: count, dtype: int64

📋 Present feature columns: ['is_rockstar', 'sentiment_negative', 'market_return', 'franchise_gta', 'vix_level', 'vix_30d_mean', 'event_type', 'vix_regime']
is_rockstar unique values after cleaning: [1 0]
Categorical columns to encode: ['event_type', 'vix_regime']
Dropped 0 rows with missing labels.

✅ ML DATASET SUMMARY
======================================================================
Feature columns: 11
Total rows: 152

Label distribution (impact_label_num):
impact_label_num
0    38
1    50
2    64
Name: count, dtype: int64

Binary target distribution (impact_high):
impact_high
0    88
1    64
Name: count, dtype: int64

Feature names:
   1. is_rockstar
   2. sentiment_negative
   3. market_return
   4. franchise_gta
   5. vix_level
   6. vix_30d_mean
   7. event_type_marketing
   8. event_type_negative
   9. event_type_release
  10. vix_regime_medium
  11. vix_regime_high

✅ Saved ML dataset to: /files/capstone_project/game-market-event-analyzer/data/processed/ml_dataset.csv
✅ Step 2 complete: ML dataset built


================================================================================
📈 STEP 3: GTA TRENDS & REGRESSION DATASET
================================================================================
▶️  Running trends.py...
BASE_DIR:       /files/capstone_project/game-market-event-analyzer
DATA_RAW:       /files/capstone_project/game-market-event-analyzer/data/raw
DATA_PROCESSED: /files/capstone_project/game-market-event-analyzer/data/processed

🚀 Building regression dataset with GTA-only Google Trends...

🔍 Inspecting events_labeled.csv...

======================================================================
📊 EVENTS_LABELED.CSV INSPECTION
======================================================================

Shape: (152, 25)

Columns (25):
   1. event_id                       | object
   2. date                           | object
   3. publisher                      | object
   4. ticker                         | object
   5. studio                         | object
   6. is_rockstar                    | object
   7. game                           | object
   8. franchise                      | object
   9. event_type                     | object
  10. sentiment                      | object
  11. impact_expectation_manual      | object
  12. source_url                     | object
  13. notes                          | object
  14. adj_close                      | float64
  15. return                         | float64
  16. market_return                  | float64
  17. trading_date                   | object
  18. AR_event                       | float64
  19. CAR_m1_p1                      | float64
  20. CAR_0_1                        | float64
  21. CAR_0_3                        | float64
  22. CAR_0_5                        | float64
  23. impact_label                   | object
  24. impact_label_num               | int64
  25. impact_high                    | int64

First 3 rows:
                      event_id        date publisher ticker          studio is_rockstar   game franchise          event_type sentiment impact_expectation_manual                                            source_url                                                                 notes  adj_close    return  market_return trading_date  AR_event  CAR_m1_p1   CAR_0_1   CAR_0_3   CAR_0_5 impact_label  impact_label_num  impact_high
0  TTWO_2011_GTA5_ANNOUNCEMENT  2011-10-25  Take-Two   TTWO  Rockstar Games           1  GTA V       GTA  Major Announcement  positive                    Medium  https://www.rockstargames.com/newswire/article/19161  Rockstar announces Grand Theft Auto V with first teaser information.      15.22  0.057679      -0.020045   2011-10-25  0.075962   0.077457  0.068804  0.095792  0.095792         High                 2            1
1           GTAV_2011_TRAILER1  2011-11-02  Take-Two   TTWO        Rockstar           1  GTA V       GTA      Trailer/Reveal  positive                    medium                         https://www.rockstargames.com                                                      GTA V Trailer #1      15.64  0.022891       0.016105   2011-11-02  0.007217   0.000302  0.005652  0.011005 -0.016210          Low                 0            0
2        GTAV_2012_SCREENSHOTS  2012-07-12  Take-Two   TTWO        Rockstar           1  GTA V       GTA      Trailer/Reveal   neutral                       low                         https://www.rockstargames.com                                                First screenshot batch       9.10 -0.006550      -0.004987   2012-07-12 -0.002412  -0.037677 -0.041531 -0.041531 -0.033895         High                 2            1

Data types:
event_id                      object
date                          object
publisher                     object
ticker                        object
studio                        object
is_rockstar                   object
game                          object
franchise                     object
event_type                    object
sentiment                     object
impact_expectation_manual     object
source_url                    object
notes                         object
adj_close                    float64
return                       float64
market_return                float64
trading_date                  object
AR_event                     float64
CAR_m1_p1                    float64
CAR_0_1                      float64
CAR_0_3                      float64
CAR_0_5                      float64
impact_label                  object
impact_label_num               int64
impact_high                    int64
dtype: object

Missing values:
event_id                      0
date                          0
publisher                     0
ticker                        0
studio                       96
is_rockstar                   0
game                         98
franchise                    97
event_type                    0
sentiment                    97
impact_expectation_manual    97
source_url                    0
notes                         0
adj_close                     0
return                        0
market_return                 0
trading_date                  0
AR_event                      0
CAR_m1_p1                     0
CAR_0_1                       0
CAR_0_3                       0
CAR_0_5                       0
impact_label                  0
impact_label_num              0
impact_high                   0
dtype: int64

======================================================================

📂 Using CACHED GTA trends from: /files/capstone_project/game-market-event-analyzer/data/raw/gta_trends.csv
✅ Loaded 835 rows from cache

📆 Expanding weekly GTA trends to DAILY (forward-fill)...
✅ GTA daily trends sample:
        date  trend_gta  ...  trend_rockstar  trend_gta_mean
0 2010-01-03       45.0  ...            28.0       36.666667
1 2010-01-04       45.0  ...            28.0       36.666667
2 2010-01-05       45.0  ...            28.0       36.666667
3 2010-01-06       45.0  ...            28.0       36.666667
4 2010-01-07       45.0  ...            28.0       36.666667

[5 rows x 6 columns] 

📥 Loading events_labeled from: /files/capstone_project/game-market-event-analyzer/data/processed/events_labeled.csv
📋 Available columns (25):
    1. event_id
    2. date
    3. publisher
    4. ticker
    5. studio
    6. is_rockstar
    7. game
    8. franchise
    9. event_type
   10. sentiment
   11. impact_expectation_manual
   12. source_url
   13. notes
   14. adj_close
   15. return
   16. market_return
   17. trading_date
   18. AR_event
   19. CAR_m1_p1
   20. CAR_0_1
   21. CAR_0_3
   22. CAR_0_5
   23. impact_label
   24. impact_label_num
   25. impact_high

✅ Parsing dates from column: 'date'
✅ Loaded events_labeled: (152, 26)
   Date range: 2011-10-25 00:00:00 to 2025-11-06 00:00:00

🔗 Merging GTA trends with events on trading_date...
✅ Sample of merged regression dataset (with raw trends):
                      event_id trading_date  ... trend_rockstar  trend_gta_mean
0  TTWO_2011_GTA5_ANNOUNCEMENT   2011-10-25  ...          42.25       41.250000
1           GTAV_2011_TRAILER1   2011-11-02  ...          39.25       37.916667
2        GTAV_2012_SCREENSHOTS   2012-07-12  ...          39.00       43.500000
3           GTAV_2012_TRAILER2   2012-11-14  ...          38.25       43.583333
4              GTAV_2013_DELAY   2013-01-31  ...          38.50       37.666667

[5 rows x 10 columns] 

✔ GTA trends restricted to TTWO only — Cleared 101 rows.

✅ Added normalized trend columns (_z)

✅ Saved regression dataset with GTA trends to: /files/capstone_project/game-market-event-analyzer/data/processed/regression_dataset_with_gta_trends.csv

📊 Final regression dataset shape: (152, 37)
✅ Step 3 complete: Regression dataset with GTA trends


================================================================================
🎮 STEP 3b: CREATE GTA VI BACKTEST EVENTS
================================================================================
▶️  Creating gta6_backtest_events.csv...
BASE_DIR: /files/capstone_project/game-market-event-analyzer
DATA_PROCESSED: /files/capstone_project/game-market-event-analyzer/data/processed
DATA_RAW: /files/capstone_project/game-market-event-analyzer/data/raw

✅ Loaded events_labeled.csv: (152, 25)

   Columns: ['event_id', 'date', 'publisher', 'ticker', 'studio', 'is_rockstar', 'game', 'franchise', 'event_type', 'sentiment', 'impact_expectation_manual', 'source_url', 'notes', 'adj_close', 'return', 'market_return', 'trading_date', 'AR_event', 'CAR_m1_p1', 'CAR_0_1', 'CAR_0_3', 'CAR_0_5', 'impact_label', 'impact_label_num', 'impact_high']

🔍 GTA VI-related events found: 7

Events selected for backtest:
                       event_id trading_date   game         event_type impact_label  CAR_m1_p1
TTWO_2022_GTA6_DEV-ANNOUNCEMENT   2022-02-04 GTA VI Major Announcement         High   0.078164
                 GTA6_2022_LEAK   2022-09-19 GTA VI               Leak       Medium  -0.016881
        TTWO_2023_GTA6_TRAILER1   2023-12-05 GTA VI     Trailer/Reveal          Low   0.004367
               GTA6_2024_KEYART   2024-05-16 GTA VI     Trailer/Reveal          Low   0.008283
          TTWO_2025_GTA6_DELAY1   2025-05-02 GTA VI              Delay         High  -0.079546
        TTWO_2025_GTA6_TRAILER2   2025-05-06 GTA VI     Trailer/Reveal         High   0.039229
          TTWO_2025_GTA6_DELAY2   2025-11-06 GTA VI              Delay         High  -0.076612

✅ Saved 7 GTA VI events to: /files/capstone_project/game-market-event-analyzer/data/processed/gta6_backtest_events.csv
   Shape: (7, 25)

✅ Step 3b complete: GTA VI backtest events created


================================================================================
📉 STEP 4: OLS REGRESSION ANALYSIS
================================================================================
▶️  Running ols.py...
BASE_DIR:       /files/capstone_project/game-market-event-analyzer
DATA_PROCESSED: /files/capstone_project/game-market-event-analyzer/data/processed
RESULTS_OLS:    /files/capstone_project/game-market-event-analyzer/results/02_ols_regression

📥 Loading regression dataset from: /files/capstone_project/game-market-event-analyzer/data/processed/regression_dataset_with_gta_trends.csv
✅ Loaded regression dataset: (152, 37)
   Columns: ['event_id', 'date_x', 'publisher', 'ticker', 'studio', 'is_rockstar', 'game', 'franchise', 'event_type', 'sentiment', 'impact_expectation_manual', 'source_url', 'notes', 'adj_close', 'return', 'market_return', 'trading_date', 'AR_event', 'CAR_m1_p1', 'CAR_0_1', 'CAR_0_3', 'CAR_0_5', 'impact_label', 'impact_label_num', 'impact_high', 'event_date', 'date_y', 'trend_gta', 'trend_gta6', 'trend_gtavi', 'trend_rockstar', 'trend_gta_mean', 'trend_gta_z', 'trend_gta6_z', 'trend_gtavi_z', 'trend_rockstar_z', 'trend_gta_mean_z']

✅ Rows after dropping missing AR_event: 152
   Sentiment dummies added: ['sent_negative', 'sent_positive']
   Event-type dummies added: ['evt_delay','evt_earnings','evt_leak','evt_major announcement','evt_release','evt_trailer/reveal']

🔧 Converting X and y to numeric...
   Dropped 2 rows with NaN in predictors/target
📐 Final feature matrix: X=(150, 11), y=(150,)
   Columns: ['const', 'market_return', 'is_rockstar', 'sent_negative', 'sent_positive', 'evt_delay', 'evt_earnings', 'evt_leak', 'evt_major announcement', 'evt_release', 'evt_trailer/reveal']

================================================================================
MODEL 1 – Baseline (all publishers, no GTA trends)
================================================================================
                            OLS Regression Results                            
==============================================================================
Dep. Variable:               AR_event   R-squared:                       0.207
Model:                            OLS   Adj. R-squared:                  0.149
Method:                 Least Squares   F-statistic:                     3.618
Date:                Thu, 18 Dec 2025   Prob (F-statistic):           0.000267
Time:                        08:58:54   Log-Likelihood:                 363.43
No. Observations:                 150   AIC:                            -704.9
Df Residuals:                     139   BIC:                            -671.7
Df Model:                          10                                         
Covariance Type:            nonrobust                                         
==========================================================================================
                             coef    std err          t      P>|t|      [0.025      0.975]
------------------------------------------------------------------------------------------
const                      0.0056      0.019      0.289      0.773      -0.033       0.044
market_return             -0.4936      0.169     -2.926      0.004      -0.827      -0.160
is_rockstar                0.0084      0.004      1.896      0.060      -0.000       0.017
sent_negative             -0.0132      0.014     -0.913      0.363      -0.042       0.015
sent_positive              0.0025      0.011      0.234      0.815      -0.019       0.024
evt_delay                 -0.0162      0.016     -1.027      0.306      -0.047       0.015
evt_earnings              -0.0039      0.019     -0.202      0.840      -0.042       0.034
evt_leak                   0.0027      0.026      0.103      0.918      -0.049       0.054
evt_major announcement     0.0166      0.018      0.914      0.362      -0.019       0.052
evt_release               -0.0136      0.016     -0.830      0.408      -0.046       0.019
evt_trailer/reveal        -0.0101      0.018     -0.552      0.582      -0.046       0.026
==============================================================================
Omnibus:                       70.787   Durbin-Watson:                   1.829
Prob(Omnibus):                  0.000   Jarque-Bera (JB):              567.205
Skew:                           1.450   Prob(JB):                    6.81e-124
Kurtosis:                      12.074   Cond. No.                         119.
==============================================================================

Notes:
[1] Standard Errors assume that the covariance matrix of the errors is correctly specified.



----------------------------------------------------------------------
🔁 LOO-CV RESULTS – MODEL 1 – Baseline
----------------------------------------------------------------------
n           : 150
LOO-MAE     : 0.016547
LOO-MSE     : 0.000544
LOO-R²      : 0.0618
----------------------------------------------------------------------

✅ Rows after dropping missing AR_event: 152
   Sentiment dummies added: ['sent_negative', 'sent_positive']
   Event-type dummies added: ['evt_delay','evt_earnings','evt_leak','evt_major announcement','evt_release','evt_trailer/reveal']
   Using GTA trend z-features: ['trend_gta_z', 'trend_gta6_z', 'trend_gtavi_z', 'trend_rockstar_z']

🔧 Converting X and y to numeric...
   Dropped 2 rows with NaN in predictors/target
📐 Final feature matrix: X=(150, 15), y=(150,)
   Columns: ['const', 'market_return', 'is_rockstar', 'sent_negative', 'sent_positive', 'evt_delay', 'evt_earnings', 'evt_leak', 'evt_major announcement', 'evt_release', 'evt_trailer/reveal', 'trend_gta_z', 'trend_gta6_z', 'trend_gtavi_z', 'trend_rockstar_z']

================================================================================
MODEL 2 – All publishers + GTA trend z-features
================================================================================
                            OLS Regression Results                            
==============================================================================
Dep. Variable:               AR_event   R-squared:                       0.247
Model:                            OLS   Adj. R-squared:                  0.169
Method:                 Least Squares   F-statistic:                     3.170
Date:                Thu, 18 Dec 2025   Prob (F-statistic):           0.000253
Time:                        08:58:54   Log-Likelihood:                 367.40
No. Observations:                 150   AIC:                            -704.8
Df Residuals:                     135   BIC:                            -659.6
Df Model:                          14                                         
Covariance Type:            nonrobust                                         
==========================================================================================
                             coef    std err          t      P>|t|      [0.025      0.975]
------------------------------------------------------------------------------------------
const                      0.0045      0.019      0.230      0.818      -0.034       0.043
market_return             -0.4843      0.169     -2.866      0.005      -0.819      -0.150
is_rockstar                0.0088      0.004      2.000      0.048    9.82e-05       0.018
sent_negative             -0.0121      0.015     -0.827      0.410      -0.041       0.017
sent_positive              0.0034      0.011      0.308      0.759      -0.018       0.025
evt_delay                 -0.0158      0.016     -1.003      0.318      -0.047       0.015
evt_earnings              -0.0027      0.019     -0.140      0.889      -0.041       0.036
evt_leak                   0.0010      0.026      0.039      0.969      -0.051       0.053
evt_major announcement     0.0174      0.018      0.972      0.333      -0.018       0.053
evt_release               -0.0138      0.016     -0.850      0.397      -0.046       0.018
evt_trailer/reveal        -0.0111      0.018     -0.607      0.545      -0.047       0.025
trend_gta_z                0.0023      0.004      0.661      0.510      -0.005       0.009
trend_gta6_z              -0.0053      0.003     -1.597      0.113      -0.012       0.001
trend_gtavi_z              0.0034      0.003      1.017      0.311      -0.003       0.010
trend_rockstar_z           0.0057      0.003      1.669      0.097      -0.001       0.013
==============================================================================
Omnibus:                       64.039   Durbin-Watson:                   1.838
Prob(Omnibus):                  0.000   Jarque-Bera (JB):              376.001
Skew:                           1.390   Prob(JB):                     2.25e-82
Kurtosis:                      10.241   Cond. No.                         121.
==============================================================================

Notes:
[1] Standard Errors assume that the covariance matrix of the errors is correctly specified.



----------------------------------------------------------------------
🔁 LOO-CV RESULTS – MODEL 2 – All publishers + GTA trends
----------------------------------------------------------------------
n           : 150
LOO-MAE     : 0.017141
LOO-MSE     : 0.000586
LOO-R²      : -0.0109
----------------------------------------------------------------------

🔎 TTWO-only subset: 51 rows (was 152)
✅ Rows after dropping missing AR_event: 51
   Sentiment dummies added: ['sent_negative', 'sent_positive']
   Event-type dummies added: ['evt_delay','evt_earnings','evt_leak','evt_major announcement','evt_release','evt_trailer/reveal']
   Using GTA trend z-features: ['trend_gta_z', 'trend_gta6_z', 'trend_gtavi_z', 'trend_rockstar_z']

🔧 Converting X and y to numeric...
   Dropped 2 rows with NaN in predictors/target
📐 Final feature matrix: X=(49, 14), y=(49,)
   Columns: ['market_return', 'is_rockstar', 'sent_negative', 'sent_positive', 'evt_delay', 'evt_earnings', 'evt_leak', 'evt_major announcement', 'evt_release', 'evt_trailer/reveal', 'trend_gta_z', 'trend_gta6_z', 'trend_gtavi_z', 'trend_rockstar_z']

================================================================================
MODEL 3 – TTWO-only + GTA trend z-features
================================================================================
                            OLS Regression Results                            
==============================================================================
Dep. Variable:               AR_event   R-squared:                       0.320
Model:                            OLS   Adj. R-squared:                  0.118
Method:                 Least Squares   F-statistic:                     1.582
Date:                Thu, 18 Dec 2025   Prob (F-statistic):              0.145
Time:                        08:58:55   Log-Likelihood:                 106.02
No. Observations:                  49   AIC:                            -188.0
Df Residuals:                      37   BIC:                            -165.3
Df Model:                          11                                         
Covariance Type:            nonrobust                                         
==========================================================================================
                             coef    std err          t      P>|t|      [0.025      0.975]
------------------------------------------------------------------------------------------
market_return             -0.9938      0.543     -1.830      0.075      -2.094       0.107
is_rockstar                0.0069      0.010      0.675      0.504      -0.014       0.028
sent_negative             -0.0097      0.013     -0.758      0.453      -0.036       0.016
sent_positive              0.0068      0.021      0.317      0.753      -0.037       0.050
evt_delay                 -0.0180      0.016     -1.156      0.255      -0.050       0.014
evt_earnings               0.0069      0.012      0.588      0.560      -0.017       0.030
evt_leak                   0.0083      0.022      0.379      0.707      -0.036       0.053
evt_major announcement     0.0313      0.014      2.187      0.035       0.002       0.060
evt_release               -0.0124      0.018     -0.679      0.501      -0.049       0.025
evt_trailer/reveal        -0.0092      0.012     -0.752      0.457      -0.034       0.016
trend_gta_z                0.0029      0.006      0.514      0.610      -0.008       0.014
trend_gta6_z              -0.0050      0.005     -0.998      0.325      -0.015       0.005
trend_gtavi_z              0.0035      0.005      0.694      0.492      -0.007       0.014
trend_rockstar_z           0.0059      0.005      1.165      0.251      -0.004       0.016
==============================================================================
Omnibus:                       25.199   Durbin-Watson:                   1.658
Prob(Omnibus):                  0.000   Jarque-Bera (JB):               53.759
Skew:                           1.431   Prob(JB):                     2.12e-12
Kurtosis:                       7.259   Cond. No.                     1.02e+17
==============================================================================

Notes:
[1] Standard Errors assume that the covariance matrix of the errors is correctly specified.
[2] The smallest eigenvalue is 6.86e-33. This might indicate that there are
strong multicollinearity problems or that the design matrix is singular.



----------------------------------------------------------------------
🔁 LOO-CV RESULTS – MODEL 3 – TTWO-only + GTA trends
----------------------------------------------------------------------
n           : 49
LOO-MAE     : 0.027183
LOO-MSE     : 0.001370
LOO-R²      : -0.2059
----------------------------------------------------------------------

💾 Merging all OLS summaries into: /files/capstone_project/game-market-event-analyzer/results/02_ols_regression/ols_regression_results.txt
✅ All summaries (incl. LOO metrics) saved to: /files/capstone_project/game-market-event-analyzer/results/02_ols_regression/ols_regression_results.txt
✅ All model coefficients saved to: /files/capstone_project/game-market-event-analyzer/results/02_ols_regression/ols_regression_coeffs.csv

📊 Scenario predictions (Model 2 – AR_event):
          market_scenario trend_scenario  pred_AR_event
scenario                                               
bear_low             bear            low       0.037591
bear_mid             bear            mid       0.043778
bear_high            bear           high       0.049965
base_low             base            low       0.027905
base_mid             base            mid       0.034092
base_high            base           high       0.040279
bull_low             bull            low       0.018219
bull_mid             bull            mid       0.024406
bull_high            bull           high       0.030593
✅ Scenario predictions saved to: /files/capstone_project/game-market-event-analyzer/results/02_ols_regression/gta_scenario_predictions.csv

🎉 OLS regression + scenarios + LOO completed cleanly.
📁 All results saved to: /files/capstone_project/game-market-event-analyzer/results/02_ols_regression

✅ Step 4 complete: OLS regression results saved


================================================================================
🤖 STEP 5: BINARY CLASSIFICATION MODELS
================================================================================
▶️  Running train_binary.py...
BASE_DIR: /files/capstone_project/game-market-event-analyzer
DATA_PROCESSED: /files/capstone_project/game-market-event-analyzer/data/processed
RESULTS_BINARY: /files/capstone_project/game-market-event-analyzer/results/03_binary_classification

✅ Loaded ml_dataset.csv: (152, 14)
   Columns: ['is_rockstar', 'sentiment_negative', 'market_return', 'franchise_gta', 'vix_level', 'vix_30d_mean', 'impact_label', 'impact_label_num', 'impact_high', 'event_type_marketing', 'event_type_negative', 'event_type_release', 'vix_regime_medium', 'vix_regime_high']

Feature matrix X shape (before NaN drop): (152, 11)
Target y shape (before NaN drop): (152,)
Feature matrix X shape (after NaN drop): (152, 11)
Target y shape (after NaN drop): (152,)

Binary target distribution (impact_high):
impact_high
Not high    88
High        64
Name: count, dtype: int64 

Train size: (114, 11)
Test size:  (38, 11)

🤖 Training Logistic Regression (binary)...

======================================================================
=== Logistic Regression (Binary) (BINARY: impact_high) ===
======================================================================
Accuracy:        0.684
F1-score (macro): 0.670

Classification Report:

              precision    recall  f1-score   support

    Not high      0.708     0.773     0.739        22
        High      0.643     0.562     0.600        16

    accuracy                          0.684        38
   macro avg      0.676     0.668     0.670        38
weighted avg      0.681     0.684     0.681        38

   📊 Saved PNG: /files/capstone_project/game-market-event-analyzer/results/03_binary_classification/logistic_regression_binary_confusion_matrix.png


🤖 Training Random Forest (binary)...

======================================================================
=== Random Forest (Binary) (BINARY: impact_high) ===
======================================================================
Accuracy:        0.658
F1-score (macro): 0.638

Classification Report:

              precision    recall  f1-score   support

    Not high      0.680     0.773     0.723        22
        High      0.615     0.500     0.552        16

    accuracy                          0.658        38
   macro avg      0.648     0.636     0.638        38
weighted avg      0.653     0.658     0.651        38

   📊 Saved PNG: /files/capstone_project/game-market-event-analyzer/results/03_binary_classification/random_forest_binary_confusion_matrix.png


🤖 Training Gradient Boosting (binary)...

======================================================================
=== Gradient Boosting (Binary) (BINARY: impact_high) ===
======================================================================
Accuracy:        0.658
F1-score (macro): 0.652

Classification Report:

              precision    recall  f1-score   support

    Not high      0.714     0.682     0.698        22
        High      0.588     0.625     0.606        16

    accuracy                          0.658        38
   macro avg      0.651     0.653     0.652        38
weighted avg      0.661     0.658     0.659        38

   📊 Saved PNG: /files/capstone_project/game-market-event-analyzer/results/03_binary_classification/gradient_boosting_binary_confusion_matrix.png


🤖 Training Neural Network (MLP, binary)...

======================================================================
=== Neural Network (MLP, Binary) (BINARY: impact_high) ===
======================================================================
Accuracy:        0.553
F1-score (macro): 0.493

Classification Report:

              precision    recall  f1-score   support

    Not high      0.586     0.773     0.667        22
        High      0.444     0.250     0.320        16

    accuracy                          0.553        38
   macro avg      0.515     0.511     0.493        38
weighted avg      0.527     0.553     0.521        38

   📊 Saved PNG: /files/capstone_project/game-market-event-analyzer/results/03_binary_classification/neural_network_mlp,_binary_confusion_matrix.png


======================================================================
📊 MODEL COMPARISON – BINARY (impact_high)
======================================================================
                       Model  Accuracy  F1_macro
Logistic Regression (Binary)  0.684211  0.669565
      Random Forest (Binary)  0.657895  0.637564
  Gradient Boosting (Binary)  0.657895  0.651868
Neural Network (MLP, Binary)  0.552632  0.493333
   📊 Saved PNG: /files/capstone_project/game-market-event-analyzer/results/03_binary_classification/binary_model_comparison.png


======================================================================
🔍 OVERFITTING CHECK (BINARY): Logistic Regression (Binary)
======================================================================
Train Accuracy: 0.693
Test  Accuracy: 0.684
Gap (train - test): 0.009
✅ Good generalization (gap ≤ 0.10)

======================================================================
🔍 OVERFITTING CHECK (BINARY): Random Forest (Binary)
======================================================================
Train Accuracy: 0.886
Test  Accuracy: 0.658
Gap (train - test): 0.228
⚠️  WARNING: Possible overfitting (gap > 0.10)

======================================================================
🔍 OVERFITTING CHECK (BINARY): Gradient Boosting (Binary)
======================================================================
Train Accuracy: 0.982
Test  Accuracy: 0.658
Gap (train - test): 0.325
⚠️  WARNING: Possible overfitting (gap > 0.10)

======================================================================
🔍 OVERFITTING CHECK (BINARY): Neural Network (MLP, Binary)
======================================================================
Train Accuracy: 0.518
Test  Accuracy: 0.553
Gap (train - test): -0.035
✅ Good generalization (gap ≤ 0.10)

======================================================================
🔁 5-FOLD STRATIFIED CROSS-VALIDATION – BINARY
======================================================================

📊 Logistic Regression (Binary) – 5-fold CV (BINARY):
  Accuracy: 0.625 ± 0.088
  F1-macro: 0.610 ± 0.096

📊 Random Forest (Binary) – 5-fold CV (BINARY):
  Accuracy: 0.605 ± 0.072
  F1-macro: 0.578 ± 0.086

📊 Gradient Boosting (Binary) – 5-fold CV (BINARY):
  Accuracy: 0.559 ± 0.034
  F1-macro: 0.545 ± 0.027

📊 Neural Network (MLP, Binary) – 5-fold CV (BINARY):
  Accuracy: 0.526 ± 0.066
  F1-macro: 0.451 ± 0.080

📄 Binary cross-validation summary:
                       Model  CV_Accuracy_mean  CV_F1_macro_mean
Logistic Regression (Binary)          0.625376          0.609606
      Random Forest (Binary)          0.605376          0.577909
  Gradient Boosting (Binary)          0.559140          0.545411
Neural Network (MLP, Binary)          0.525591          0.450819
✅ Test results saved to: /files/capstone_project/game-market-event-analyzer/results/03_binary_classification/binary_test_results.csv
✅ CV results saved to: /files/capstone_project/game-market-event-analyzer/results/03_binary_classification/binary_cv_results.csv

======================================================================
✅ BINARY CLASSIFICATION COMPLETE
======================================================================
📁 All results saved to: /files/capstone_project/game-market-event-analyzer/results/03_binary_classification
======================================================================

✅ Step 5 complete: Binary classification results saved


================================================================================
🎯 STEP 6: MULTICLASS CLASSIFICATION MODELS
================================================================================
▶️  Running train_classification.py...
BASE_DIR: /files/capstone_project/game-market-event-analyzer
DATA_PROCESSED: /files/capstone_project/game-market-event-analyzer/data/processed
RESULTS_MULTICLASS: /files/capstone_project/game-market-event-analyzer/results/04_multiclass_classification

✅ Loaded ml_dataset.csv: (152, 14)
   Columns: ['is_rockstar', 'sentiment_negative', 'market_return', 'franchise_gta', 'vix_level', 'vix_30d_mean', 'impact_label', 'impact_label_num', 'impact_high', 'event_type_marketing', 'event_type_negative', 'event_type_release', 'vix_regime_medium', 'vix_regime_high']

Feature matrix X shape (before NaN drop): (152, 11)
Target y shape (before NaN drop): (152,)
Feature matrix X shape (after NaN drop): (152, 11)
Target y shape (after NaN drop): (152,)

Train size: (114, 11)
Test size: (38, 11)


🤖 Training Logistic Regression...

======================================================================
=== Logistic Regression ===
======================================================================
Accuracy: 0.526
F1-score (macro): 0.448

Classification Report:
              precision    recall  f1-score   support

           0       0.33      0.10      0.15        10
           1       0.67      0.50      0.57        12
           2       0.50      0.81      0.62        16

    accuracy                           0.53        38
   macro avg       0.50      0.47      0.45        38
weighted avg       0.51      0.53      0.48        38

   📊 Plot saved to: /files/capstone_project/game-market-event-analyzer/results/04_multiclass_classification/logistic_regression_confusion_matrix.png

🤖 Training Random Forest...

======================================================================
=== Random Forest ===
======================================================================
Accuracy: 0.474
F1-score (macro): 0.46

Classification Report:
              precision    recall  f1-score   support

           0       0.42      0.50      0.45        10
           1       0.44      0.33      0.38        12
           2       0.53      0.56      0.55        16

    accuracy                           0.47        38
   macro avg       0.46      0.47      0.46        38
weighted avg       0.47      0.47      0.47        38

   📊 Plot saved to: /files/capstone_project/game-market-event-analyzer/results/04_multiclass_classification/random_forest_confusion_matrix.png

🤖 Training Gradient Boosting...

======================================================================
=== Gradient Boosting ===
======================================================================
Accuracy: 0.526
F1-score (macro): 0.546

Classification Report:
              precision    recall  f1-score   support

           0       0.75      0.60      0.67        10
           1       0.50      0.50      0.50        12
           2       0.44      0.50      0.47        16

    accuracy                           0.53        38
   macro avg       0.56      0.53      0.55        38
weighted avg       0.54      0.53      0.53        38

   📊 Plot saved to: /files/capstone_project/game-market-event-analyzer/results/04_multiclass_classification/gradient_boosting_confusion_matrix.png

🤖 Training Neural Network (MLP)...

======================================================================
=== Neural Network (MLP) ===
======================================================================
Accuracy: 0.395
F1-score (macro): 0.323

Classification Report:
              precision    recall  f1-score   support

           0       1.00      0.10      0.18        10
           1       0.33      0.25      0.29        12
           2       0.39      0.69      0.50        16

    accuracy                           0.39        38
   macro avg       0.58      0.35      0.32        38
weighted avg       0.53      0.39      0.35        38

   📊 Plot saved to: /files/capstone_project/game-market-event-analyzer/results/04_multiclass_classification/neural_network_mlp_confusion_matrix.png

======================================================================
📊 MODEL COMPARISON
======================================================================
               Model  Accuracy  F1-score (macro)
 Logistic Regression  0.526316          0.448107
       Random Forest  0.473684          0.460317
   Gradient Boosting  0.526316          0.545752
Neural Network (MLP)  0.394737          0.322511
   📊 Plot saved to: /files/capstone_project/game-market-event-analyzer/results/04_multiclass_classification/multiclass_model_comparison.png

======================================================================
🔍 OVERFITTING CHECK: Logistic Regression
======================================================================
Train Accuracy: 0.570
Test Accuracy:  0.526
Overfitting risk: 0.044
✅ Good generalization (gap <= 0.10)

======================================================================
🔍 OVERFITTING CHECK: Random Forest
======================================================================
Train Accuracy: 0.860
Test Accuracy:  0.474
Overfitting risk: 0.386
⚠️  WARNING: Possible overfitting (gap > 0.10)

======================================================================
🔍 OVERFITTING CHECK: Gradient Boosting
======================================================================
Train Accuracy: 0.974
Test Accuracy:  0.526
Overfitting risk: 0.447
⚠️  WARNING: Possible overfitting (gap > 0.10)

======================================================================
🔍 OVERFITTING CHECK: Neural Network (MLP)
======================================================================
Train Accuracy: 0.518
Test Accuracy:  0.395
Overfitting risk: 0.123
⚠️  WARNING: Possible overfitting (gap > 0.10)

======================================================================
🔁 5-FOLD STRATIFIED CROSS-VALIDATION (on full dataset)
======================================================================

📊 Logistic Regression – 5-fold CV:
  Accuracy: 0.481 ± 0.077
  F1-macro: 0.434 ± 0.084

📊 Random Forest – 5-fold CV:
  Accuracy: 0.441 ± 0.027
  F1-macro: 0.417 ± 0.026

📊 Gradient Boosting – 5-fold CV:
  Accuracy: 0.375 ± 0.048
  F1-macro: 0.370 ± 0.051

📊 Neural Network (MLP) – 5-fold CV:
  Accuracy: 0.395 ± 0.063
  F1-macro: 0.292 ± 0.084

📄 Cross-validation summary:
               Model  CV_Accuracy_mean  CV_F1_macro_mean
 Logistic Regression          0.481290          0.434258
       Random Forest          0.440860          0.417397
   Gradient Boosting          0.374839          0.370389
Neural Network (MLP)          0.395484          0.292023

✅ Test results saved to: /files/capstone_project/game-market-event-analyzer/results/04_multiclass_classification/multiclass_test_results.csv
✅ CV results saved to: /files/capstone_project/game-market-event-analyzer/results/04_multiclass_classification/multiclass_cv_results.csv

======================================================================
✅ MULTICLASS CLASSIFICATION COMPLETE
======================================================================
📁 All results saved to: /files/capstone_project/game-market-event-analyzer/results/04_multiclass_classification
======================================================================

✅ Step 6 complete: Multiclass classification results saved


================================================================================
🎮 STEP 7: GTA 6 SCENARIO PREDICTIONS
================================================================================
▶️  Running gta6_prediction.py...
BASE_DIR:       /files/capstone_project/game-market-event-analyzer
DATA_PROCESSED: /files/capstone_project/game-market-event-analyzer/data/processed

📥 Loaded ML dataset: (152, 14)
📐 Final X shape: (152, 11), y shape: (152,)

🤖 Training Logistic Regression (binary, sanity test split)…
📊 Classification report (hold-out split):
              precision    recall  f1-score   support

           0       0.75      0.82      0.78        22
           1       0.71      0.62      0.67        16

    accuracy                           0.74        38
   macro avg       0.73      0.72      0.72        38
weighted avg       0.73      0.74      0.73        38

🔁 Re-training Logistic Regression on FULL dataset...
✅ GTA6 scenario feature rows:
   is_rockstar  sentiment_negative  ...  vix_regime_high  scenario
0          1.0                 0.0  ...              1.0      bear
1          1.0                 0.0  ...              0.0      base
2          1.0                 0.0  ...              0.0      bull

[3 rows x 12 columns] 

📊 GTA6 Scenario Predictions (Binary):
  scenario  predicted_class  predicted_label  proba_not_high  proba_high
0     bear                0  Not High impact        0.555900    0.444100
1     base                0  Not High impact        0.730671    0.269329
2     bull                0  Not High impact        0.594756    0.405244

✅ Saved to /files/capstone_project/game-market-event-analyzer/results/03_binary_classification/gta6_scenario_predictions_binary.csv
✅ Step 7 complete: GTA 6 predictions saved


================================================================================
🔍 STEP 8: BACKTESTS ON GTA VI EVENTS
================================================================================
✅ Loaded ml_dataset: (152, 14)
   Columns: ['is_rockstar', 'sentiment_negative', 'market_return', 'franchise_gta', 'vix_level', 'vix_30d_mean', 'impact_label', 'impact_label_num', 'impact_high', 'event_type_marketing', 'event_type_negative', 'event_type_release', 'vix_regime_medium', 'vix_regime_high']
✅ ML training data ready: X=(152, 11), y=(152,)
✅ Loaded backtest events: (7, 25)
   Columns: ['event_id', 'date', 'publisher', 'ticker', 'studio', 'is_rockstar', 'game', 'franchise', 'event_type', 'sentiment', 'impact_expectation_manual', 'source_url', 'notes', 'adj_close', 'return', 'market_return', 'trading_date', 'AR_event', 'CAR_m1_p1', 'CAR_0_1', 'CAR_0_3', 'CAR_0_5', 'impact_label', 'impact_label_num', 'impact_high']
📈 Loading VIX from: /files/capstone_project/game-market-event-analyzer/data/raw/VIX_2010_2025.csv
📈 VIX sample:
         date  vix_level  vix_30d_mean vix_regime
0 2010-01-04  20.040001     20.040001       high
1 2010-01-05  19.350000     19.695001       high
2 2010-01-06  19.160000     19.516667       high
3 2010-01-07  19.059999     19.402500     medium
4 2010-01-08  18.129999     19.148000     medium
✅ Backtest features ready: X=(7, 11), y=(7,)

🔍 NaNs per feature in backtest X:
Series([], dtype: int64)

======================================================================
🎯 GTA6 BACKTEST – GRADIENT BOOSTING (MULTICLASS)
======================================================================
                          event_id trading_date  ...  true_label_str  pred_label_str
0  TTWO_2022_GTA6_DEV-ANNOUNCEMENT   2022-02-04  ...            High            High
1                   GTA6_2022_LEAK   2022-09-19  ...          Medium          Medium
2          TTWO_2023_GTA6_TRAILER1   2023-12-05  ...             Low             Low
3                 GTA6_2024_KEYART   2024-05-16  ...             Low             Low
4            TTWO_2025_GTA6_DELAY1   2025-05-02  ...            High            High
5          TTWO_2025_GTA6_TRAILER2   2025-05-06  ...            High            High
6            TTWO_2025_GTA6_DELAY2   2025-11-06  ...            High            High

[7 rows x 9 columns]

✅ Saved ML backtest results to: /files/capstone_project/game-market-event-analyzer/results/05_summary/gta6_backtest_ml_gradient_boosting.csv

✅ Loaded ml_dataset: (152, 14)
   Columns: ['is_rockstar', 'sentiment_negative', 'market_return', 'franchise_gta', 'vix_level', 'vix_30d_mean', 'impact_label', 'impact_label_num', 'impact_high', 'event_type_marketing', 'event_type_negative', 'event_type_release', 'vix_regime_medium', 'vix_regime_high']
✅ ML training data ready: X=(152, 11), y=(152,)
✅ Loaded backtest events: (7, 25)
   Columns: ['event_id', 'date', 'publisher', 'ticker', 'studio', 'is_rockstar', 'game', 'franchise', 'event_type', 'sentiment', 'impact_expectation_manual', 'source_url', 'notes', 'adj_close', 'return', 'market_return', 'trading_date', 'AR_event', 'CAR_m1_p1', 'CAR_0_1', 'CAR_0_3', 'CAR_0_5', 'impact_label', 'impact_label_num', 'impact_high']
📈 Loading VIX from: /files/capstone_project/game-market-event-analyzer/data/raw/VIX_2010_2025.csv
📈 VIX sample:
         date  vix_level  vix_30d_mean vix_regime
0 2010-01-04  20.040001     20.040001       high
1 2010-01-05  19.350000     19.695001       high
2 2010-01-06  19.160000     19.516667       high
3 2010-01-07  19.059999     19.402500     medium
4 2010-01-08  18.129999     19.148000     medium
✅ Backtest features ready: X=(7, 11), y=(7,)

======================================================================
🎯 GTA6 BACKTEST – LOGISTIC REGRESSION (BINARY)
======================================================================
                          event_id trading_date  ...  true_label_str  pred_label_str
0  TTWO_2022_GTA6_DEV-ANNOUNCEMENT   2022-02-04  ...            High            High
1                   GTA6_2022_LEAK   2022-09-19  ...        Not High        Not High
2          TTWO_2023_GTA6_TRAILER1   2023-12-05  ...        Not High        Not High
3                 GTA6_2024_KEYART   2024-05-16  ...        Not High        Not High
4            TTWO_2025_GTA6_DELAY1   2025-05-02  ...            High            High
5          TTWO_2025_GTA6_TRAILER2   2025-05-06  ...            High            High
6            TTWO_2025_GTA6_DELAY2   2025-11-06  ...            High            High

[7 rows x 8 columns]

✅ Saved Binary backtest results to: /files/capstone_project/game-market-event-analyzer/results/05_summary/gta6_backtest_ml_binary_logistic.csv


📐 Loaded Model 2 coefficients:
parameter
const                     0.004468
evt_delay                -0.015814
evt_earnings             -0.002735
evt_leak                  0.001018
evt_major announcement    0.017433
evt_release              -0.013776
evt_trailer/reveal       -0.011051
is_rockstar               0.008830
market_return            -0.484304
sent_negative            -0.012098
sent_positive             0.003362
trend_gta6_z             -0.005312
trend_gta_z               0.002348
trend_gtavi_z             0.003416
trend_rockstar_z          0.005735
Name: model2_all_trends, dtype: float64

✅ Found 5 GTA6 events in regression dataset

🧱 Design matrix X for backtest (first rows):
    const  evt_delay  ...  trend_gtavi_z  trend_rockstar_z
44    1.0        0.0  ...       0.986613         -0.564475
54    1.0        0.0  ...       1.783650          0.405915
56    1.0        1.0  ...      -0.018346          0.046511
57    1.0        0.0  ...      -0.330230          0.585616
58    1.0        1.0  ...       0.085615          1.160662

[5 rows x 15 columns]

======================================================================
📉 GTA6 BACKTEST – OLS MODEL 2 (AR_event)
======================================================================
                   event_id  event_date  ... AR_event_pred         error
44           GTA6_2022_LEAK  2022-09-19  ...      0.000179  1.094773e-16
54  TTWO_2023_GTA6_TRAILER1  2023-12-05  ...      0.017532  2.262119e-02
56    TTWO_2025_GTA6_DELAY1  2025-05-02  ...     -0.027403  5.360872e-02
57  TTWO_2025_GTA6_TRAILER2  2025-05-06  ...      0.013723 -2.189392e-02
58    TTWO_2025_GTA6_DELAY2  2025-11-06  ...     -0.000813 -1.503276e-03

[5 rows x 7 columns]

✅ Saved OLS backtest results to: /files/capstone_project/game-market-event-analyzer/results/05_summary/gta6_backtest_ols_model2.csv

✅ Step 8 complete: Backtest results saved


================================================================================
✅ PIPELINE COMPLETED SUCCESSFULLY
================================================================================

📁 RESULTS DIRECTORY STRUCTURE:

   /files/capstone_project/game-market-event-analyzer/results/
   ├── 02_ols_regression/
   │   ├── ols_regression_results.txt
   │   ├── ols_regression_coeffs.csv
   │   └── gta_scenario_predictions.csv
   ├── 03_binary_classification/
   │   ├── binary_test_results.csv
   │   ├── binary_cv_results.csv
   │   ├── binary_model_comparison.png
   │   └── *_confusion_matrix.png
   ├── 04_multiclass_classification/
   │   ├── multiclass_test_results.csv
   │   ├── multiclass_cv_results.csv
   │   ├── gta6_scenario_predictions_ml.csv
   │   ├── multiclass_model_comparison.png
   │   └── *_confusion_matrix.png
   └── 05_summary/

📊 DATA PROCESSING PIPELINE:

    ┌─────────────────────────────────────────────────────────────┐
    │ 0. DATA LOADING                                             │
    │    ↓ Download TTWO, EA, GameStocks, VIX from Yahoo Finance │
    │    ↓ Build prices_long.csv                                 │
    └─────────────────────────────────────────────────────────────┘
                           ↓
    ┌─────────────────────────────────────────────────────────────┐
    │ 1. FEATURES ENGINEERING                                    │
    │    ↓ compute_returns.py → prices_with_returns.csv          │
    │    ↓ merge_event_returns.py → events_with_returns.csv      │
    │    ↓ compute_ar_car.py → events_with_car.csv               │
    │    ↓ car_into_labels.py → events_labeled.csv               │
    └─────────────────────────────────────────────────────────────┘
                           ↓
    ┌─────────────────────────────────────────────────────────────┐
    │ 2. ML DATASET BUILDING                                      │
    │    ↓ build_ml_dataset.py → ml_dataset.csv                  │
    └─────────────────────────────────────────────────────────────┘
                     ↙       ↓          ↘
    ┌──────────────────┐  ┌──────────────────────┐  ┌─────────────────────────────┐
    │ 3. TRENDS        │  │ 3b-3c. GTA6          │  │ 4. ML MODELS                │
    │ trends.py        │  │ BACKTEST             │  │    ├─ ols.py                │
    │ ↓                │  │ ├─gta6_backtest      │  │    ├─ train_binary.py       │
    │regression_dataset│  │ │_events.py          │  │    ├─ train_classification  │
    │_with_gta_trends  │  │ ├─build_gta6_        │  │    ├─ gta6_prediction.py    │
    │.csv              │  │ │backtest_features   │  │    ├─ backtest_ml.py        │
    └──────────────────┘  │ └─ gta6_backtest     │  │    └─ backtest_ols.py       │
                          │   _ml.csv            │  └─────────────────────────────┘
                          └──────────────────────┘
    

📈 ANALYSIS OUTPUTS:
   ✅ Step 4: OLS Regression (3 models + scenario predictions)
   ✅ Step 5: Binary Classification (4 models: LR, RF, GB, MLP)
   ✅ Step 6: Multiclass Classification (4 models: LR, RF, GB, MLP)
   ✅ Step 7: GTA 6 Scenario Predictions (ML-based)
   ✅ Step 8: Backtests on GTA VI Events (ML & OLS)
   ✅ Confusion Matrices & Model Comparisons (PNG)
   ✅ Cross-Validation Results (CSV)
   ✅ Feature Importance & Detailed Reports

================================================================================
⏰ Completed at: 2025-12-18 08:59:28
📂 All results saved to: /files/capstone_project/game-market-event-analyzer/results
================================================================================

