
================================================================================
🎮 GAME MARKET EVENT ANALYZER – COMPLETE PIPELINE
================================================================================
⏰ Started at: 2025-12-28 14:50:39


================================================================================
📥 STEP 0: DATA LOADING & DOWNLOAD
================================================================================
BASE_DIR: /files/capstone_project/game-market-event-analyzer
RAW_DATA: /files/capstone_project/game-market-event-analyzer/data/raw
PROCESSED_DATA: /files/capstone_project/game-market-event-analyzer/data/processed

▶️  Running data_loader.py...

================================================================================
📥 DATA LOADER - DOWNLOAD & BUILD PRICES
================================================================================

🌐 STEP 1: DOWNLOAD RAW DATA
--------------------------------------------------------------------------------
📊 Downloading TTWO...
   ✅ Saved: TTWO_2010_2025.csv

📊 Downloading game stocks...
   ✅ Saved: GameStocks_SP500_2010_2025.csv

📊 Downloading EA...
   ✅ Saved: EA_2010_2025.csv

📊 Downloading VIX...
   ✅ Saved: VIX_2010_2025.csv

🌐 STEP 2: BUILD PRICES
--------------------------------------------------------------------------------
🔨 Building prices_long.csv...
   ✅ Saved: /files/capstone_project/game-market-event-analyzer/data/processed/prices_long.csv
   Shape: (23958, 3)
   Tickers: ['ATVI', 'EA', 'NTDOY', 'TTWO', 'UBSFY', '^GSPC']
   Date range: 2010-01-04 to 2025-11-14

================================================================================
✅ DATA LOADING COMPLETE
================================================================================
📁 All data saved to: /files/capstone_project/game-market-event-analyzer/data/processed

✅ Step 0 complete: Raw data downloaded & prices built


================================================================================
📊 STEP 1: FEATURES ENGINEERING
================================================================================
BASE_DIR: /files/capstone_project/game-market-event-analyzer
DATA_RAW exists: True
DATA_PROCESSED exists: True
▶️  Step 1a: compute_returns...
Project root: /files/capstone_project/game-market-event-analyzer
Data processed: /files/capstone_project/game-market-event-analyzer/data/processed

✅ Loaded 23958 records
        date ticker  adj_close
0 2010-01-04   ATVI  17.647135
1 2010-01-05   ATVI  18.143002
2 2010-01-06   ATVI  17.676304
3 2010-01-07   ATVI  17.540178
4 2010-01-08   ATVI  17.890207

Unique tickers: ['ATVI' 'EA' 'NTDOY' 'TTWO' 'UBI' 'SP500']

✅ Computed daily returns
        date ticker  adj_close    return
0 2010-01-04   ATVI  17.647135       NaN
1 2010-01-05   ATVI  18.143002  0.028099
2 2010-01-06   ATVI  17.676304 -0.025723
3 2010-01-07   ATVI  17.540178 -0.007701
4 2010-01-08   ATVI  17.890207  0.019956
5 2010-01-11   ATVI  17.763809 -0.007065
6 2010-01-12   ATVI  16.383150 -0.077723
7 2010-01-13   ATVI  16.694284  0.018991
8 2010-01-14   ATVI  16.704010  0.000583
9 2010-01-15   ATVI  16.558165 -0.008731

✅ Added market returns
        date ticker  adj_close    return  market_return
0 2010-01-04   ATVI  17.647135       NaN            NaN
1 2010-01-05   ATVI  18.143002  0.028099       0.003116
2 2010-01-06   ATVI  17.676304 -0.025723       0.000546
3 2010-01-07   ATVI  17.540178 -0.007701       0.004001
4 2010-01-08   ATVI  17.890207  0.019956       0.002882
5 2010-01-11   ATVI  17.763809 -0.007065       0.001747
6 2010-01-12   ATVI  16.383150 -0.077723      -0.009381
7 2010-01-13   ATVI  16.694284  0.018991       0.008326
8 2010-01-14   ATVI  16.704010  0.000583       0.002426
9 2010-01-15   ATVI  16.558165 -0.008731      -0.010823

✅ Saved to: /files/capstone_project/game-market-event-analyzer/data/processed/prices_with_returns.csv
   Shape: (23958, 5)
   Columns: ['date', 'ticker', 'adj_close', 'return', 'market_return']
▶️  Step 1b: merge_event_returns...
Project root: /files/capstone_project/game-market-event-analyzer
Data raw: /files/capstone_project/game-market-event-analyzer/data/raw
Data processed: /files/capstone_project/game-market-event-analyzer/data/processed

✅ Loaded 151 events
                      event_id  ...                                              notes
0  TTWO_2011_GTA5_ANNOUNCEMENT  ...  Rockstar announces Grand Theft Auto V with fir...
1           GTAV_2011_TRAILER1  ...                                   GTA V Trailer #1
2        GTAV_2012_SCREENSHOTS  ...                             First screenshot batch
3           GTAV_2012_TRAILER2  ...                                   GTA V Trailer #2
4              GTAV_2013_DELAY  ...                            Delay to September 2013

[5 rows x 13 columns]

✅ Loaded 23958 price records

⚠️  3 events have no exact date match, finding next trading day...

✅ Merged events with prices
                      event_id       date  ...    return market_return
0  TTWO_2011_GTA5_ANNOUNCEMENT 2011-10-25  ...  0.057679     -0.020045
1           GTAV_2011_TRAILER1 2011-11-02  ...  0.022891      0.016105
2        GTAV_2012_SCREENSHOTS 2012-07-12  ... -0.006550     -0.004987
3           GTAV_2012_TRAILER2 2012-11-14  ... -0.003475     -0.013852
4              GTAV_2013_DELAY 2013-01-31  ... -0.068147     -0.002563

[5 rows x 16 columns]

✅ Saved to: /files/capstone_project/game-market-event-analyzer/data/processed/events_with_returns.csv
   Shape: (151, 16)
   Columns: ['event_id', 'date', 'publisher', 'ticker', 'studio', 'is_rockstar', 'game', 'franchise', 'event_type', 'sentiment', 'impact_expectation_manual', 'source_url', 'notes', 'adj_close', 'return', 'market_return']
▶️  Step 1c: compute_ar_car...
Project root: /files/capstone_project/game-market-event-analyzer
Data processed: /files/capstone_project/game-market-event-analyzer/data/processed

✅ Loaded 23958 price records
        date ticker  adj_close    return  market_return
0 2010-01-04   ATVI  17.647135       NaN            NaN
1 2010-01-05   ATVI  18.143002  0.028099       0.003116
2 2010-01-06   ATVI  17.676304 -0.025723       0.000546
3 2010-01-07   ATVI  17.540178 -0.007701       0.004001
4 2010-01-08   ATVI  17.890207  0.019956       0.002882
   ATVI: alpha=0.000390, beta=0.826401
   EA: alpha=0.000390, beta=0.826401
   NTDOY: alpha=-0.000061, beta=0.644210
   SP500: alpha=0.000000, beta=1.000000
   TTWO: alpha=0.000546, beta=0.939354
   UBI: alpha=0.000266, beta=0.636621

✅ Computed Abnormal Returns (AR)
        date ticker  adj_close  ...  market_return  expected_return        AR
0 2010-01-04   ATVI  17.647135  ...            NaN              NaN       NaN
1 2010-01-05   ATVI  18.143002  ...       0.003116         0.002965  0.025134
2 2010-01-06   ATVI  17.676304  ...       0.000546         0.000841 -0.026564
3 2010-01-07   ATVI  17.540178  ...       0.004001         0.003697 -0.011398
4 2010-01-08   ATVI  17.890207  ...       0.002882         0.002772  0.017184
5 2010-01-11   ATVI  17.763809  ...       0.001747         0.001834 -0.008899
6 2010-01-12   ATVI  16.383150  ...      -0.009381        -0.007362 -0.070361
7 2010-01-13   ATVI  16.694284  ...       0.008326         0.007271  0.011720
8 2010-01-14   ATVI  16.704010  ...       0.002426         0.002395 -0.001813
9 2010-01-15   ATVI  16.558165  ...      -0.010823        -0.008554 -0.000177

[10 rows x 7 columns]

✅ Saved to: /files/capstone_project/game-market-event-analyzer/data/processed/prices_with_ar.csv
   Shape: (23958, 7)
   Columns: ['date', 'ticker', 'adj_close', 'return', 'market_return', 'expected_return', 'AR']
▶️  Step 1d: car_into_labels...
Project root: /files/capstone_project/game-market-event-analyzer
Data processed: /files/capstone_project/game-market-event-analyzer/data/processed

✅ Loaded 151 events
                      event_id        date  ...    return market_return
0  TTWO_2011_GTA5_ANNOUNCEMENT  2011-10-25  ...  0.057679     -0.020045
1           GTAV_2011_TRAILER1  2011-11-02  ...  0.022891      0.016105
2        GTAV_2012_SCREENSHOTS  2012-07-12  ... -0.006550     -0.004987
3           GTAV_2012_TRAILER2  2012-11-14  ... -0.003475     -0.013852
4              GTAV_2013_DELAY  2013-01-31  ... -0.068147     -0.002563

[5 rows x 16 columns]

🔨 Computing CAR windows...
✅ CAR windows computed
  ticker       date trading_date  ...   CAR_0_1   CAR_0_3   CAR_0_5
0   TTWO 2011-10-25   2011-10-25  ...  0.068804  0.095792  0.095792
1   TTWO 2011-11-02   2011-11-02  ...  0.005652  0.011005 -0.016210
2   TTWO 2012-07-12   2012-07-12  ... -0.041531 -0.041531 -0.033895
3   TTWO 2012-11-14   2012-11-14  ...  0.016916  0.037798  0.060788
4   TTWO 2013-01-31   2013-01-31  ... -0.026151 -0.026151 -0.035325

[5 rows x 8 columns]

✅ Impact labels created
   Label distribution:
impact_label
High      63
Medium    50
Low       38
Name: count, dtype: int64

✅ Saved to: /files/capstone_project/game-market-event-analyzer/data/processed/events_labeled.csv
   Shape: (151, 25)
   Columns: ['event_id', 'date', 'publisher', 'ticker', 'studio', 'is_rockstar', 'game', 'franchise', 'event_type', 'sentiment', 'impact_expectation_manual', 'source_url', 'notes', 'adj_close', 'return', 'market_return', 'trading_date', 'AR_event', 'CAR_m1_p1', 'CAR_0_1', 'CAR_0_3', 'CAR_0_5', 'impact_label', 'impact_label_num', 'impact_high']
✅ Step 1 complete: Features engineered


================================================================================
🎯 STEP 2: BUILD ML DATASET
================================================================================
▶️  Running build_ml_dataset...
Loaded events_labeled.csv with shape: (151, 25)
Columns: ['event_id', 'date', 'publisher', 'ticker', 'studio', 'is_rockstar', 'game', 'franchise', 'event_type', 'sentiment', 'impact_expectation_manual', 'source_url', 'notes', 'adj_close', 'return', 'market_return', 'trading_date', 'AR_event', 'CAR_m1_p1', 'CAR_0_1', 'CAR_0_3', 'CAR_0_5', 'impact_label', 'impact_label_num', 'impact_high']

📊 Event type mapping:
Before simplification:
event_type
earnings              97
release               22
trailer/reveal        12
major announcement     8
delay                  6
controversy            3
corporate event        2
leak                   1
Name: count, dtype: int64

After simplification:
event_type
corporate    99
release      22
marketing    20
negative     10
Name: count, dtype: int64
📈 Loading VIX from: /files/capstone_project/game-market-event-analyzer/data/raw/VIX_2010_2025.csv
   VIX columns (raw): ['Date', '^VIX']
   VIX columns (normalized): ['date', '^vix']
   Using column '^vix' as VIX level

📈 VIX sample:
        date  vix_level  vix_30d_mean vix_regime
0 2010-01-04  20.040001     20.040001       high
1 2010-01-05  19.350000     19.695001       high
2 2010-01-06  19.160000     19.516667       high
3 2010-01-07  19.059999     19.402500     medium
4 2010-01-08  18.129999     19.148000     medium

🎯 After VIX merge (first rows):
  trading_date  vix_level  vix_30d_mean vix_regime
0   2011-10-25  32.220001     35.409000       high
1   2011-11-02  32.740002     34.637667       high
2   2012-07-12  18.330000     20.295000     medium
3   2012-11-14  17.920000     16.773000     medium
4   2013-01-31  14.280000     14.986000        low

📌 Target distributions:
impact_label_num:
impact_label_num
0    38
1    50
2    63
Name: count, dtype: int64

impact_high:
impact_high
0    88
1    63
Name: count, dtype: int64

📋 Present feature columns: ['is_rockstar', 'sentiment_negative', 'market_return', 'franchise_gta', 'vix_level', 'vix_30d_mean', 'event_type', 'vix_regime']
is_rockstar unique values after cleaning: [1 0]
Categorical columns to encode: ['event_type', 'vix_regime']
Dropped 0 rows with missing labels.

✅ ML DATASET SUMMARY
======================================================================
Feature columns: 11
Total rows: 151

Label distribution (impact_label_num):
impact_label_num
0    38
1    50
2    63
Name: count, dtype: int64

Binary target distribution (impact_high):
impact_high
0    88
1    63
Name: count, dtype: int64

Feature names:
   1. is_rockstar
   2. sentiment_negative
   3. market_return
   4. franchise_gta
   5. vix_level
   6. vix_30d_mean
   7. event_type_marketing
   8. event_type_negative
   9. event_type_release
  10. vix_regime_medium
  11. vix_regime_high

✅ Saved ML dataset to: /files/capstone_project/game-market-event-analyzer/data/processed/ml_dataset.csv
✅ Step 2 complete: ML dataset built


================================================================================
📈 STEP 3: GTA TRENDS & REGRESSION DATASET
================================================================================
▶️  Running trends.py...
BASE_DIR:       /files/capstone_project/game-market-event-analyzer
DATA_RAW:       /files/capstone_project/game-market-event-analyzer/data/raw
DATA_PROCESSED: /files/capstone_project/game-market-event-analyzer/data/processed

🚀 Building regression dataset with GTA-only Google Trends...

🔍 Inspecting events_labeled.csv...

======================================================================
📊 EVENTS_LABELED.CSV INSPECTION
======================================================================

Shape: (151, 25)

Columns (25):
   1. event_id                       | object
   2. date                           | object
   3. publisher                      | object
   4. ticker                         | object
   5. studio                         | object
   6. is_rockstar                    | object
   7. game                           | object
   8. franchise                      | object
   9. event_type                     | object
  10. sentiment                      | object
  11. impact_expectation_manual      | object
  12. source_url                     | object
  13. notes                          | object
  14. adj_close                      | float64
  15. return                         | float64
  16. market_return                  | float64
  17. trading_date                   | object
  18. AR_event                       | float64
  19. CAR_m1_p1                      | float64
  20. CAR_0_1                        | float64
  21. CAR_0_3                        | float64
  22. CAR_0_5                        | float64
  23. impact_label                   | object
  24. impact_label_num               | int64
  25. impact_high                    | int64

First 3 rows:
                      event_id        date publisher ticker          studio is_rockstar   game franchise          event_type sentiment impact_expectation_manual                                            source_url                                                                 notes  adj_close    return  market_return trading_date  AR_event  CAR_m1_p1   CAR_0_1   CAR_0_3   CAR_0_5 impact_label  impact_label_num  impact_high
0  TTWO_2011_GTA5_ANNOUNCEMENT  2011-10-25  Take-Two   TTWO  Rockstar Games           1  GTA V       GTA  Major Announcement  positive                    Medium  https://www.rockstargames.com/newswire/article/19161  Rockstar announces Grand Theft Auto V with first teaser information.      15.22  0.057679      -0.020045   2011-10-25  0.075962   0.077457  0.068804  0.095792  0.095792         High                 2            1
1           GTAV_2011_TRAILER1  2011-11-02  Take-Two   TTWO        Rockstar           1  GTA V       GTA      Trailer/Reveal  positive                    medium                         https://www.rockstargames.com                                                      GTA V Trailer #1      15.64  0.022891       0.016105   2011-11-02  0.007217   0.000302  0.005652  0.011005 -0.016210          Low                 0            0
2        GTAV_2012_SCREENSHOTS  2012-07-12  Take-Two   TTWO        Rockstar           1  GTA V       GTA      Trailer/Reveal   neutral                       low                         https://www.rockstargames.com                                                First screenshot batch       9.10 -0.006550      -0.004987   2012-07-12 -0.002412  -0.037677 -0.041531 -0.041531 -0.033895         High                 2            1

Data types:
event_id                      object
date                          object
publisher                     object
ticker                        object
studio                        object
is_rockstar                   object
game                          object
franchise                     object
event_type                    object
sentiment                     object
impact_expectation_manual     object
source_url                    object
notes                         object
adj_close                    float64
return                       float64
market_return                float64
trading_date                  object
AR_event                     float64
CAR_m1_p1                    float64
CAR_0_1                      float64
CAR_0_3                      float64
CAR_0_5                      float64
impact_label                  object
impact_label_num               int64
impact_high                    int64
dtype: object

Missing values:
event_id                      0
date                          0
publisher                     0
ticker                        0
studio                       96
is_rockstar                   0
game                         98
franchise                    97
event_type                    0
sentiment                    97
impact_expectation_manual    97
source_url                    0
notes                         0
adj_close                     0
return                        0
market_return                 0
trading_date                  0
AR_event                      0
CAR_m1_p1                     0
CAR_0_1                       0
CAR_0_3                       0
CAR_0_5                       0
impact_label                  0
impact_label_num              0
impact_high                   0
dtype: int64

======================================================================

📂 Using CACHED GTA trends from: /files/capstone_project/game-market-event-analyzer/data/raw/gta_trends.csv
✅ Loaded 835 rows from cache

📆 Expanding weekly GTA trends to DAILY (forward-fill)...
✅ GTA daily trends sample:
        date  trend_gta  ...  trend_rockstar  trend_gta_mean
0 2010-01-03       45.0  ...            28.0       36.666667
1 2010-01-04       45.0  ...            28.0       36.666667
2 2010-01-05       45.0  ...            28.0       36.666667
3 2010-01-06       45.0  ...            28.0       36.666667
4 2010-01-07       45.0  ...            28.0       36.666667

[5 rows x 6 columns] 

📥 Loading events_labeled from: /files/capstone_project/game-market-event-analyzer/data/processed/events_labeled.csv
📋 Available columns (25):
    1. event_id
    2. date
    3. publisher
    4. ticker
    5. studio
    6. is_rockstar
    7. game
    8. franchise
    9. event_type
   10. sentiment
   11. impact_expectation_manual
   12. source_url
   13. notes
   14. adj_close
   15. return
   16. market_return
   17. trading_date
   18. AR_event
   19. CAR_m1_p1
   20. CAR_0_1
   21. CAR_0_3
   22. CAR_0_5
   23. impact_label
   24. impact_label_num
   25. impact_high

✅ Parsing dates from column: 'date'
✅ Loaded events_labeled: (151, 26)
   Date range: 2011-10-25 00:00:00 to 2025-11-06 00:00:00

🔗 Merging GTA trends with events on trading_date...
✅ Sample of merged regression dataset (with raw trends):
                      event_id trading_date  ... trend_rockstar  trend_gta_mean
0  TTWO_2011_GTA5_ANNOUNCEMENT   2011-10-25  ...          42.25       41.250000
1           GTAV_2011_TRAILER1   2011-11-02  ...          39.25       37.916667
2        GTAV_2012_SCREENSHOTS   2012-07-12  ...          39.00       43.500000
3           GTAV_2012_TRAILER2   2012-11-14  ...          38.25       43.583333
4              GTAV_2013_DELAY   2013-01-31  ...          38.50       37.666667

[5 rows x 10 columns] 

✔ GTA trends restricted to TTWO only — Cleared 101 rows.

✅ Added normalized trend columns (_z)

✅ Saved regression dataset with GTA trends to: /files/capstone_project/game-market-event-analyzer/data/processed/regression_dataset_with_gta_trends.csv

📊 Final regression dataset shape: (151, 37)
✅ Step 3 complete: Regression dataset with GTA trends


================================================================================
📉 STEP 4: OLS REGRESSION ANALYSIS
================================================================================
▶️  Running ols.py...
BASE_DIR:       /files/capstone_project/game-market-event-analyzer
DATA_PROCESSED: /files/capstone_project/game-market-event-analyzer/data/processed
RESULTS_OLS:    /files/capstone_project/game-market-event-analyzer/results/02_ols_regression

📥 Loading regression dataset from: /files/capstone_project/game-market-event-analyzer/data/processed/regression_dataset_with_gta_trends.csv
✅ Loaded regression dataset: (151, 37)
   Columns: ['event_id', 'date_x', 'publisher', 'ticker', 'studio', 'is_rockstar', 'game', 'franchise', 'event_type', 'sentiment', 'impact_expectation_manual', 'source_url', 'notes', 'adj_close', 'return', 'market_return', 'trading_date', 'AR_event', 'CAR_m1_p1', 'CAR_0_1', 'CAR_0_3', 'CAR_0_5', 'impact_label', 'impact_label_num', 'impact_high', 'event_date', 'date_y', 'trend_gta', 'trend_gta6', 'trend_gtavi', 'trend_rockstar', 'trend_gta_mean', 'trend_gta_z', 'trend_gta6_z', 'trend_gtavi_z', 'trend_rockstar_z', 'trend_gta_mean_z']

✅ Rows after dropping missing AR_event: 151
   Sentiment dummies added: ['sent_negative', 'sent_positive']
   Event-type dummies added: ['evt_delay','evt_earnings','evt_leak','evt_major announcement','evt_release','evt_trailer/reveal']

🔧 Converting X and y to numeric...
   Dropped 2 rows with NaN in predictors/target
📐 Final feature matrix: X=(149, 11), y=(149,)
   Columns: ['const', 'market_return', 'is_rockstar', 'sent_negative', 'sent_positive', 'evt_delay', 'evt_earnings', 'evt_leak', 'evt_major announcement', 'evt_release', 'evt_trailer/reveal']

================================================================================
MODEL 1 – Baseline (all publishers, no GTA trends)
================================================================================
                            OLS Regression Results                            
==============================================================================
Dep. Variable:               AR_event   R-squared:                       0.189
Model:                            OLS   Adj. R-squared:                  0.131
Method:                 Least Squares   F-statistic:                     3.224
Date:                Sun, 28 Dec 2025   Prob (F-statistic):           0.000926
Time:                        14:51:11   Log-Likelihood:                 365.01
No. Observations:                 149   AIC:                            -708.0
Df Residuals:                     138   BIC:                            -675.0
Df Model:                          10                                         
Covariance Type:            nonrobust                                         
==========================================================================================
                             coef    std err          t      P>|t|      [0.025      0.975]
------------------------------------------------------------------------------------------
const                      0.0048      0.019      0.256      0.798      -0.032       0.042
market_return             -0.4461      0.165     -2.702      0.008      -0.773      -0.120
is_rockstar                0.0092      0.004      2.113      0.036       0.001       0.018
sent_negative             -0.0128      0.014     -0.909      0.365      -0.040       0.015
sent_positive              0.0028      0.010      0.270      0.787      -0.018       0.023
evt_delay                 -0.0066      0.016     -0.419      0.676      -0.038       0.024
evt_earnings              -0.0034      0.019     -0.182      0.856      -0.041       0.034
evt_leak                   0.0020      0.025      0.078      0.938      -0.048       0.052
evt_major announcement     0.0168      0.018      0.953      0.342      -0.018       0.052
evt_release               -0.0134      0.016     -0.842      0.401      -0.045       0.018
evt_trailer/reveal        -0.0102      0.018     -0.576      0.565      -0.045       0.025
==============================================================================
Omnibus:                       78.147   Durbin-Watson:                   1.790
Prob(Omnibus):                  0.000   Jarque-Bera (JB):              725.216
Skew:                           1.606   Prob(JB):                    3.32e-158
Kurtosis:                      13.320   Cond. No.                         119.
==============================================================================

Notes:
[1] Standard Errors assume that the covariance matrix of the errors is correctly specified.



----------------------------------------------------------------------
🔁 LOO-CV RESULTS – MODEL 1 – Baseline
----------------------------------------------------------------------
n           : 149
LOO-MAE     : 0.015847
LOO-MSE     : 0.000512
LOO-R²      : 0.0478
----------------------------------------------------------------------

✅ Rows after dropping missing AR_event: 151
   Sentiment dummies added: ['sent_negative', 'sent_positive']
   Event-type dummies added: ['evt_delay','evt_earnings','evt_leak','evt_major announcement','evt_release','evt_trailer/reveal']
   Using GTA trend z-features: ['trend_gta_z', 'trend_gta6_z', 'trend_gtavi_z', 'trend_rockstar_z']

🔧 Converting X and y to numeric...
   Dropped 2 rows with NaN in predictors/target
📐 Final feature matrix: X=(149, 15), y=(149,)
   Columns: ['const', 'market_return', 'is_rockstar', 'sent_negative', 'sent_positive', 'evt_delay', 'evt_earnings', 'evt_leak', 'evt_major announcement', 'evt_release', 'evt_trailer/reveal', 'trend_gta_z', 'trend_gta6_z', 'trend_gtavi_z', 'trend_rockstar_z']

================================================================================
MODEL 2 – All publishers + GTA trend z-features
================================================================================
                            OLS Regression Results                            
==============================================================================
Dep. Variable:               AR_event   R-squared:                       0.227
Model:                            OLS   Adj. R-squared:                  0.147
Method:                 Least Squares   F-statistic:                     2.819
Date:                Sun, 28 Dec 2025   Prob (F-statistic):            0.00101
Time:                        14:51:11   Log-Likelihood:                 368.59
No. Observations:                 149   AIC:                            -707.2
Df Residuals:                     134   BIC:                            -662.1
Df Model:                          14                                         
Covariance Type:            nonrobust                                         
==========================================================================================
                             coef    std err          t      P>|t|      [0.025      0.975]
------------------------------------------------------------------------------------------
const                      0.0050      0.019      0.265      0.791      -0.032       0.043
market_return             -0.4441      0.166     -2.682      0.008      -0.772      -0.117
is_rockstar                0.0095      0.004      2.211      0.029       0.001       0.018
sent_negative             -0.0130      0.014     -0.908      0.366      -0.041       0.015
sent_positive              0.0025      0.011      0.233      0.816      -0.019       0.024
evt_delay                 -0.0064      0.016     -0.406      0.686      -0.038       0.025
evt_earnings              -0.0036      0.019     -0.189      0.850      -0.041       0.034
evt_leak                   0.0012      0.026      0.046      0.963      -0.049       0.052
evt_major announcement     0.0175      0.018      1.000      0.319      -0.017       0.052
evt_release               -0.0136      0.016     -0.859      0.392      -0.045       0.018
evt_trailer/reveal        -0.0117      0.018     -0.657      0.512      -0.047       0.023
trend_gta_z                0.0014      0.003      0.410      0.682      -0.005       0.008
trend_gta6_z              -0.0036      0.003     -1.090      0.278      -0.010       0.003
trend_gtavi_z              0.0034      0.003      1.017      0.311      -0.003       0.010
trend_rockstar_z           0.0063      0.003      1.850      0.067      -0.000       0.013
==============================================================================
Omnibus:                       68.358   Durbin-Watson:                   1.805
Prob(Omnibus):                  0.000   Jarque-Bera (JB):              440.523
Skew:                           1.481   Prob(JB):                     2.20e-96
Kurtosis:                      10.886   Cond. No.                         121.
==============================================================================

Notes:
[1] Standard Errors assume that the covariance matrix of the errors is correctly specified.



----------------------------------------------------------------------
🔁 LOO-CV RESULTS – MODEL 2 – All publishers + GTA trends
----------------------------------------------------------------------
n           : 149
LOO-MAE     : 0.016637
LOO-MSE     : 0.000558
LOO-R²      : -0.0370
----------------------------------------------------------------------

🔎 TTWO-only subset: 50 rows (was 151)
✅ Rows after dropping missing AR_event: 50
   Sentiment dummies added: ['sent_negative', 'sent_positive']
   Event-type dummies added: ['evt_delay','evt_earnings','evt_leak','evt_major announcement','evt_release','evt_trailer/reveal']
   Using GTA trend z-features: ['trend_gta_z', 'trend_gta6_z', 'trend_gtavi_z', 'trend_rockstar_z']

🔧 Converting X and y to numeric...
   Dropped 2 rows with NaN in predictors/target
📐 Final feature matrix: X=(48, 14), y=(48,)
   Columns: ['market_return', 'is_rockstar', 'sent_negative', 'sent_positive', 'evt_delay', 'evt_earnings', 'evt_leak', 'evt_major announcement', 'evt_release', 'evt_trailer/reveal', 'trend_gta_z', 'trend_gta6_z', 'trend_gtavi_z', 'trend_rockstar_z']

================================================================================
MODEL 3 – TTWO-only + GTA trend z-features
================================================================================
                            OLS Regression Results                            
==============================================================================
Dep. Variable:               AR_event   R-squared:                       0.255
Model:                            OLS   Adj. R-squared:                  0.027
Method:                 Least Squares   F-statistic:                     1.118
Date:                Sun, 28 Dec 2025   Prob (F-statistic):              0.376
Time:                        14:51:12   Log-Likelihood:                 104.79
No. Observations:                  48   AIC:                            -185.6
Df Residuals:                      36   BIC:                            -163.1
Df Model:                          11                                         
Covariance Type:            nonrobust                                         
==========================================================================================
                             coef    std err          t      P>|t|      [0.025      0.975]
------------------------------------------------------------------------------------------
market_return             -0.8223      0.547     -1.504      0.141      -1.931       0.287
is_rockstar                0.0078      0.010      0.777      0.442      -0.013       0.028
sent_negative             -0.0067      0.013     -0.527      0.602      -0.033       0.019
sent_positive              0.0061      0.021      0.292      0.772      -0.037       0.049
evt_delay                 -0.0108      0.016     -0.668      0.508      -0.043       0.022
evt_earnings               0.0052      0.012      0.449      0.656      -0.018       0.029
evt_leak                   0.0040      0.022      0.185      0.854      -0.040       0.048
evt_major announcement     0.0315      0.014      2.238      0.032       0.003       0.060
evt_release               -0.0127      0.018     -0.706      0.485      -0.049       0.024
evt_trailer/reveal        -0.0095      0.012     -0.792      0.434      -0.034       0.015
trend_gta_z                0.0021      0.006      0.380      0.706      -0.009       0.013
trend_gta6_z              -0.0036      0.005     -0.715      0.479      -0.014       0.007
trend_gtavi_z              0.0035      0.005      0.690      0.494      -0.007       0.014
trend_rockstar_z           0.0064      0.005      1.276      0.210      -0.004       0.017
==============================================================================
Omnibus:                       28.500   Durbin-Watson:                   1.626
Prob(Omnibus):                  0.000   Jarque-Bera (JB):               75.096
Skew:                           1.536   Prob(JB):                     4.93e-17
Kurtosis:                       8.302   Cond. No.                     3.43e+16
==============================================================================

Notes:
[1] Standard Errors assume that the covariance matrix of the errors is correctly specified.
[2] The smallest eigenvalue is 5.92e-32. This might indicate that there are
strong multicollinearity problems or that the design matrix is singular.



----------------------------------------------------------------------
🔁 LOO-CV RESULTS – MODEL 3 – TTWO-only + GTA trends
----------------------------------------------------------------------
n           : 48
LOO-MAE     : 0.026004
LOO-MSE     : 0.001335
LOO-R²      : -0.3379
----------------------------------------------------------------------

💾 Merging all OLS summaries into: /files/capstone_project/game-market-event-analyzer/results/02_ols_regression/ols_regression_results.txt
✅ All summaries (incl. LOO metrics) saved to: /files/capstone_project/game-market-event-analyzer/results/02_ols_regression/ols_regression_results.txt
✅ All model coefficients saved to: /files/capstone_project/game-market-event-analyzer/results/02_ols_regression/ols_regression_coeffs.csv
✅ OLS models saved to: /files/capstone_project/game-market-event-analyzer/results/02_ols_regression/ols_models.pkl
   Available models: model1 (baseline), model2 (all+trends), model3 (TTWO+trends)
✅ Feature names saved to: /files/capstone_project/game-market-event-analyzer/results/02_ols_regression/ols_feature_names.pkl

✅ Step 4 complete: OLS regression results saved


================================================================================
🎯 STEP 5: MULTICLASS CLASSIFICATION MODELS
================================================================================
▶️  Running train_classification.py...
BASE_DIR: /files/capstone_project/game-market-event-analyzer
DATA_PROCESSED: /files/capstone_project/game-market-event-analyzer/data/processed
RESULTS_MULTICLASS: /files/capstone_project/game-market-event-analyzer/results/04_multiclass_classification

✅ Loaded ml_dataset.csv: (151, 14)
   Columns: ['is_rockstar', 'sentiment_negative', 'market_return', 'franchise_gta', 'vix_level', 'vix_30d_mean', 'impact_label', 'impact_label_num', 'impact_high', 'event_type_marketing', 'event_type_negative', 'event_type_release', 'vix_regime_medium', 'vix_regime_high']

Feature matrix X shape (before NaN drop): (151, 11)
Target y shape (before NaN drop): (151,)
Feature matrix X shape (after NaN drop): (151, 11)
Target y shape (after NaN drop): (151,)

Train size: (113, 11)
Test size: (38, 11)


🤖 Training Logistic Regression...

======================================================================
=== Logistic Regression ===
======================================================================
Accuracy: 0.447
F1-score (macro): 0.388

Classification Report:
              precision    recall  f1-score   support

           0       0.18      0.22      0.20         9
           1       0.60      0.23      0.33        13
           2       0.55      0.75      0.63        16

    accuracy                           0.45        38
   macro avg       0.44      0.40      0.39        38
weighted avg       0.48      0.45      0.43        38

   📊 Plot saved to: /files/capstone_project/game-market-event-analyzer/results/04_multiclass_classification/logistic_regression_confusion_matrix.png

🤖 Training Random Forest...

======================================================================
=== Random Forest ===
======================================================================
Accuracy: 0.447
F1-score (macro): 0.428

Classification Report:
              precision    recall  f1-score   support

           0       0.33      0.56      0.42         9
           1       0.38      0.23      0.29        13
           2       0.60      0.56      0.58        16

    accuracy                           0.45        38
   macro avg       0.44      0.45      0.43        38
weighted avg       0.46      0.45      0.44        38

   📊 Plot saved to: /files/capstone_project/game-market-event-analyzer/results/04_multiclass_classification/random_forest_confusion_matrix.png

🤖 Training Gradient Boosting...

======================================================================
=== Gradient Boosting ===
======================================================================
Accuracy: 0.5
F1-score (macro): 0.506

Classification Report:
              precision    recall  f1-score   support

           0       0.56      0.56      0.56         9
           1       0.47      0.62      0.53        13
           2       0.50      0.38      0.43        16

    accuracy                           0.50        38
   macro avg       0.51      0.52      0.51        38
weighted avg       0.50      0.50      0.49        38

   📊 Plot saved to: /files/capstone_project/game-market-event-analyzer/results/04_multiclass_classification/gradient_boosting_confusion_matrix.png

🤖 Training Neural Network (MLP)...

======================================================================
=== Neural Network (MLP) ===
======================================================================
Accuracy: 0.342
F1-score (macro): 0.222

Classification Report:
              precision    recall  f1-score   support

           0       0.33      0.11      0.17         9
           1       0.00      0.00      0.00        13
           2       0.38      0.75      0.50        16

    accuracy                           0.34        38
   macro avg       0.24      0.29      0.22        38
weighted avg       0.24      0.34      0.25        38

   📊 Plot saved to: /files/capstone_project/game-market-event-analyzer/results/04_multiclass_classification/neural_network_mlp_confusion_matrix.png

======================================================================
📊 MODEL COMPARISON
======================================================================
               Model  Accuracy  F1-score (macro)
 Logistic Regression  0.447368          0.388304
       Random Forest  0.447368          0.427675
   Gradient Boosting  0.500000          0.505820
Neural Network (MLP)  0.342105          0.222222
   📊 Plot saved to: /files/capstone_project/game-market-event-analyzer/results/04_multiclass_classification/multiclass_model_comparison.png

======================================================================
🔍 OVERFITTING CHECK: Logistic Regression
======================================================================
Train Accuracy: 0.566
Test Accuracy:  0.447
Overfitting risk: 0.119
⚠️  WARNING: Possible overfitting (gap > 0.10)

======================================================================
🔍 OVERFITTING CHECK: Random Forest
======================================================================
Train Accuracy: 0.823
Test Accuracy:  0.447
Overfitting risk: 0.376
⚠️  WARNING: Possible overfitting (gap > 0.10)

======================================================================
🔍 OVERFITTING CHECK: Gradient Boosting
======================================================================
Train Accuracy: 0.965
Test Accuracy:  0.500
Overfitting risk: 0.465
⚠️  WARNING: Possible overfitting (gap > 0.10)

======================================================================
🔍 OVERFITTING CHECK: Neural Network (MLP)
======================================================================
Train Accuracy: 0.487
Test Accuracy:  0.342
Overfitting risk: 0.145
⚠️  WARNING: Possible overfitting (gap > 0.10)

======================================================================
🔁 5-FOLD STRATIFIED CROSS-VALIDATION (on full dataset)
======================================================================

📊 Logistic Regression – 5-fold CV:
  Accuracy: 0.504 ± 0.065
  F1-macro: 0.461 ± 0.072

📊 Random Forest – 5-fold CV:
  Accuracy: 0.470 ± 0.007
  F1-macro: 0.447 ± 0.013

📊 Gradient Boosting – 5-fold CV:
  Accuracy: 0.390 ± 0.039
  F1-macro: 0.384 ± 0.039

📊 Neural Network (MLP) – 5-fold CV:
  Accuracy: 0.357 ± 0.087
  F1-macro: 0.250 ± 0.106

📄 Cross-validation summary:
               Model  CV_Accuracy_mean  CV_F1_macro_mean
 Logistic Regression          0.503871          0.461291
       Random Forest          0.470108          0.446935
   Gradient Boosting          0.390323          0.384283
Neural Network (MLP)          0.356989          0.250137

✅ Test results saved to: /files/capstone_project/game-market-event-analyzer/results/04_multiclass_classification/multiclass_test_results.csv
✅ CV results saved to: /files/capstone_project/game-market-event-analyzer/results/04_multiclass_classification/multiclass_cv_results.csv

======================================================================
✅ MULTICLASS CLASSIFICATION COMPLETE
======================================================================
📁 All results saved to: /files/capstone_project/game-market-event-analyzer/results/04_multiclass_classification
======================================================================

✅ Step 5 complete: Multiclass classification results saved


================================================================================
🤖 STEP 6: BINARY CLASSIFICATION MODELS
================================================================================
▶️  Running train_binary.py...
BASE_DIR: /files/capstone_project/game-market-event-analyzer
DATA_PROCESSED: /files/capstone_project/game-market-event-analyzer/data/processed
RESULTS_BINARY: /files/capstone_project/game-market-event-analyzer/results/03_binary_classification

✅ Loaded ml_dataset.csv: (151, 14)
   Columns: ['is_rockstar', 'sentiment_negative', 'market_return', 'franchise_gta', 'vix_level', 'vix_30d_mean', 'impact_label', 'impact_label_num', 'impact_high', 'event_type_marketing', 'event_type_negative', 'event_type_release', 'vix_regime_medium', 'vix_regime_high']

Feature matrix X shape (before NaN drop): (151, 11)
Target y shape (before NaN drop): (151,)
Feature matrix X shape (after NaN drop): (151, 11)
Target y shape (after NaN drop): (151,)

Binary target distribution (impact_high):
impact_high
Not high    88
High        63
Name: count, dtype: int64 

Train size: (113, 11)
Test size:  (38, 11)

🤖 Training Logistic Regression (binary)...

======================================================================
=== Logistic Regression (Binary) (BINARY: impact_high) ===
======================================================================
Accuracy:        0.684
F1-score (macro): 0.676

Classification Report:

              precision    recall  f1-score   support

    Not high      0.727     0.727     0.727        22
        High      0.625     0.625     0.625        16

    accuracy                          0.684        38
   macro avg      0.676     0.676     0.676        38
weighted avg      0.684     0.684     0.684        38

   📊 Saved PNG: /files/capstone_project/game-market-event-analyzer/results/03_binary_classification/logistic_regression_binary_confusion_matrix.png


🤖 Training Random Forest (binary)...

======================================================================
=== Random Forest (Binary) (BINARY: impact_high) ===
======================================================================
Accuracy:        0.605
F1-score (macro): 0.582

Classification Report:

              precision    recall  f1-score   support

    Not high      0.640     0.727     0.681        22
        High      0.538     0.438     0.483        16

    accuracy                          0.605        38
   macro avg      0.589     0.582     0.582        38
weighted avg      0.597     0.605     0.597        38

   📊 Saved PNG: /files/capstone_project/game-market-event-analyzer/results/03_binary_classification/random_forest_binary_confusion_matrix.png


🤖 Training Gradient Boosting (binary)...

======================================================================
=== Gradient Boosting (Binary) (BINARY: impact_high) ===
======================================================================
Accuracy:        0.684
F1-score (macro): 0.681

Classification Report:

              precision    recall  f1-score   support

    Not high      0.750     0.682     0.714        22
        High      0.611     0.688     0.647        16

    accuracy                          0.684        38
   macro avg      0.681     0.685     0.681        38
weighted avg      0.692     0.684     0.686        38

   📊 Saved PNG: /files/capstone_project/game-market-event-analyzer/results/03_binary_classification/gradient_boosting_binary_confusion_matrix.png


🤖 Training Neural Network (MLP, binary)...

======================================================================
=== Neural Network (MLP, Binary) (BINARY: impact_high) ===
======================================================================
Accuracy:        0.553
F1-score (macro): 0.493

Classification Report:

              precision    recall  f1-score   support

    Not high      0.586     0.773     0.667        22
        High      0.444     0.250     0.320        16

    accuracy                          0.553        38
   macro avg      0.515     0.511     0.493        38
weighted avg      0.527     0.553     0.521        38

   📊 Saved PNG: /files/capstone_project/game-market-event-analyzer/results/03_binary_classification/neural_network_mlp,_binary_confusion_matrix.png


======================================================================
📊 MODEL COMPARISON – BINARY (impact_high)
======================================================================
                       Model  Accuracy  F1_macro
Logistic Regression (Binary)  0.684211  0.676136
      Random Forest (Binary)  0.605263  0.581805
  Gradient Boosting (Binary)  0.684211  0.680672
Neural Network (MLP, Binary)  0.552632  0.493333
   📊 Saved PNG: /files/capstone_project/game-market-event-analyzer/results/03_binary_classification/binary_model_comparison.png


======================================================================
🔍 OVERFITTING CHECK (BINARY): Logistic Regression (Binary)
======================================================================
Train Accuracy: 0.664
Test  Accuracy: 0.684
Gap (train - test): -0.020
✅ Good generalization (gap ≤ 0.10)

======================================================================
🔍 OVERFITTING CHECK (BINARY): Random Forest (Binary)
======================================================================
Train Accuracy: 0.894
Test  Accuracy: 0.605
Gap (train - test): 0.289
⚠️  WARNING: Possible overfitting (gap > 0.10)

======================================================================
🔍 OVERFITTING CHECK (BINARY): Gradient Boosting (Binary)
======================================================================
Train Accuracy: 0.982
Test  Accuracy: 0.684
Gap (train - test): 0.298
⚠️  WARNING: Possible overfitting (gap > 0.10)

======================================================================
🔍 OVERFITTING CHECK (BINARY): Neural Network (MLP, Binary)
======================================================================
Train Accuracy: 0.513
Test  Accuracy: 0.553
Gap (train - test): -0.039
✅ Good generalization (gap ≤ 0.10)

======================================================================
🔁 5-FOLD STRATIFIED CROSS-VALIDATION – BINARY
======================================================================

📊 Logistic Regression (Binary) – 5-fold CV (BINARY):
  Accuracy: 0.636 ± 0.069
  F1-macro: 0.619 ± 0.078

📊 Random Forest (Binary) – 5-fold CV (BINARY):
  Accuracy: 0.603 ± 0.056
  F1-macro: 0.574 ± 0.076

📊 Gradient Boosting (Binary) – 5-fold CV (BINARY):
  Accuracy: 0.589 ± 0.033
  F1-macro: 0.577 ± 0.037

📊 Neural Network (MLP, Binary) – 5-fold CV (BINARY):
  Accuracy: 0.536 ± 0.022
  F1-macro: 0.454 ± 0.054

📄 Binary cross-validation summary:
                       Model  CV_Accuracy_mean  CV_F1_macro_mean
Logistic Regression (Binary)          0.636344          0.619347
      Random Forest (Binary)          0.603011          0.573983
  Gradient Boosting (Binary)          0.589462          0.576524
Neural Network (MLP, Binary)          0.536344          0.454418
✅ Test results saved to: /files/capstone_project/game-market-event-analyzer/results/03_binary_classification/binary_test_results.csv
✅ CV results saved to: /files/capstone_project/game-market-event-analyzer/results/03_binary_classification/binary_cv_results.csv

======================================================================
✅ BINARY CLASSIFICATION COMPLETE
======================================================================
📁 All results saved to: /files/capstone_project/game-market-event-analyzer/results/03_binary_classification
======================================================================

✅ Step 6 complete: Binary classification results saved


================================================================================
🎮 STEP 7: GTA 6 SCENARIO PREDICTIONS
================================================================================
▶️  Running gta6_prediction.py...
BASE_DIR:       /files/capstone_project/game-market-event-analyzer
DATA_PROCESSED: /files/capstone_project/game-market-event-analyzer/data/processed
RESULTS_OLS:    /files/capstone_project/game-market-event-analyzer/results/02_ols_regression
RESULTS_SUMMARY: /files/capstone_project/game-market-event-analyzer/results/05_summary

================================================================================
🎮 GTA VI SCENARIO PREDICTIONS (OLS + BINARY ML)
================================================================================

📊 PART 1: OLS MODEL 2 PREDICTIONS (3×3 Grid)
--------------------------------------------------------------------------------

✅ Loaded model2 from: /files/capstone_project/game-market-event-analyzer/results/02_ols_regression/ols_models.pkl
   Model type: <class 'statsmodels.regression.linear_model.RegressionResultsWrapper'>
   Parameters: 15

🔨 Building OLS scenarios for model2 (GTA Trends)...
   Available features: ['const', 'market_return', 'is_rockstar', 'sent_negative', 'sent_positive', 'evt_delay', 'evt_earnings', 'evt_leak', 'evt_major announcement', 'evt_release', 'evt_trailer/reveal', 'trend_gta_z', 'trend_gta6_z', 'trend_gtavi_z', 'trend_rockstar_z']

   Scenario feature matrix shape: (9, 15)


================================================================================
📊 OLS SCENARIO PREDICTIONS – MODEL 2
================================================================================
          market_scenario trend_scenario  pred_AR_event
scenario                                               
bear_low             bear            low       0.035986
bear_mid             bear            mid       0.043442
bear_high            bear           high       0.050898
base_low             base            low       0.027104
base_mid             base            mid       0.034560
base_high            base           high       0.042015
bull_low             bull            low       0.018222
bull_mid             bull            mid       0.025677
bull_high            bull           high       0.033133

✅ OLS scenario predictions saved to: /files/capstone_project/game-market-event-analyzer/results/05_summary/gta_scenario_predictions.csv

================================================================================
📊 PART 2: BINARY ML PREDICTIONS (3 Scenarios)
--------------------------------------------------------------------------------

📥 Loaded ML dataset: (151, 14)
📐 Final X shape: (151, 11), y shape: (151,)

🤖 Training Logistic Regression (binary)…

✅ Model trained on full dataset

✅ Binary scenario feature rows:
 is_rockstar  sentiment_negative  market_return  franchise_gta  vix_level  vix_30d_mean  event_type_marketing  event_type_negative  event_type_release  vix_regime_medium  vix_regime_high scenario
         1.0                 0.0          -0.02            1.0       35.0          30.0                   0.0                  0.0                 1.0                0.0              1.0     bear
         1.0                 0.0           0.00            1.0       20.0          18.0                   0.0                  0.0                 1.0                1.0              0.0     base
         1.0                 0.0           0.02            1.0       15.0          15.0                   0.0                  0.0                 1.0                0.0              1.0     bull 


================================================================================
📊 BINARY ML SCENARIO PREDICTIONS
================================================================================
scenario  predicted_class predicted_label  proba_not_high  proba_high
    bear                0        Not High        0.523472    0.476528
    base                0        Not High        0.706051    0.293949
    bull                1            High        0.238514    0.761486

✅ Binary scenario predictions saved to: /files/capstone_project/game-market-event-analyzer/results/05_summary/gta6_scenario_predictions_binary.csv

================================================================================
✅ BOTH PREDICTIONS COMPLETE
================================================================================
OLS predictions:    /files/capstone_project/game-market-event-analyzer/results/05_summary/gta_scenario_predictions.csv
Binary predictions: /files/capstone_project/game-market-event-analyzer/results/05_summary/gta6_scenario_predictions_binary.csv
================================================================================

✅ Step 7 complete: GTA 6 predictions saved


================================================================================
🔍 STEP 8: BACKTESTS ON GTA VI EVENTS
================================================================================
✅ Loaded ml_dataset: (151, 14)
   Columns: ['is_rockstar', 'sentiment_negative', 'market_return', 'franchise_gta', 'vix_level', 'vix_30d_mean', 'impact_label', 'impact_label_num', 'impact_high', 'event_type_marketing', 'event_type_negative', 'event_type_release', 'vix_regime_medium', 'vix_regime_high']
✅ ML training data ready: X=(151, 11), y=(151,)
✅ Loaded backtest events: (1, 25)
   Columns: ['event_id', 'date', 'publisher', 'ticker', 'studio', 'is_rockstar', 'game', 'franchise', 'event_type', 'sentiment', 'impact_expectation_manual', 'source_url', 'notes', 'adj_close', 'return', 'market_return', 'trading_date', 'AR_event', 'CAR_m1_p1', 'CAR_0_1', 'CAR_0_3', 'CAR_0_5', 'impact_label', 'impact_label_num', 'impact_high']
📈 Loading VIX from: /files/capstone_project/game-market-event-analyzer/data/raw/VIX_2010_2025.csv
📈 VIX sample:
         date  vix_level  vix_30d_mean vix_regime
0 2010-01-04  20.040001     20.040001       high
1 2010-01-05  19.350000     19.695001       high
2 2010-01-06  19.160000     19.516667       high
3 2010-01-07  19.059999     19.402500     medium
4 2010-01-08  18.129999     19.148000     medium
✅ Backtest features ready: X=(1, 11), y=(1,)

🔍 NaNs per feature in backtest X:
Series([], dtype: int64)

======================================================================
🎯 GTA6 BACKTEST – GRADIENT BOOSTING (MULTICLASS)
======================================================================
                event_id trading_date  ...  true_label_str  pred_label_str
0  TTWO_2025_GTA6_DELAY1   2025-05-02  ...            High          Medium

[1 rows x 9 columns]

✅ Saved ML backtest results to: /files/capstone_project/game-market-event-analyzer/results/05_summary/gta6_backtest_ml_gradient_boosting.csv

✅ Loaded ml_dataset: (151, 14)
   Columns: ['is_rockstar', 'sentiment_negative', 'market_return', 'franchise_gta', 'vix_level', 'vix_30d_mean', 'impact_label', 'impact_label_num', 'impact_high', 'event_type_marketing', 'event_type_negative', 'event_type_release', 'vix_regime_medium', 'vix_regime_high']
✅ ML training data ready: X=(151, 11), y=(151,)
   Class distribution: {0: 88, 1: 63}
✅ Loaded backtest events: (1, 25)
   Columns: ['event_id', 'date', 'publisher', 'ticker', 'studio', 'is_rockstar', 'game', 'franchise', 'event_type', 'sentiment', 'impact_expectation_manual', 'source_url', 'notes', 'adj_close', 'return', 'market_return', 'trading_date', 'AR_event', 'CAR_m1_p1', 'CAR_0_1', 'CAR_0_3', 'CAR_0_5', 'impact_label', 'impact_label_num', 'impact_high']
📈 Loading VIX from: /files/capstone_project/game-market-event-analyzer/data/raw/VIX_2010_2025.csv
📈 VIX sample:
         date  vix_level  vix_30d_mean vix_regime
0 2010-01-04  20.040001     20.040001       high
1 2010-01-05  19.350000     19.695001       high
2 2010-01-06  19.160000     19.516667       high
3 2010-01-07  19.059999     19.402500     medium
4 2010-01-08  18.129999     19.148000     medium
✅ Backtest features ready: X=(1, 11), y=(1,)

================================================================================
🎯 GTA6 BACKTEST – LOGISTIC REGRESSION (BINARY - BALANCED)
================================================================================
                event_id trading_date  ...  true_label_str  pred_label_str
0  TTWO_2025_GTA6_DELAY1   2025-05-02  ...            High            High

[1 rows x 8 columns]

✅ Saved Binary backtest results to: /files/capstone_project/game-market-event-analyzer/results/05_summary/gta6_backtest_ml_binary_logistic.csv


================================================================================
🔬 OLS REGRESSION BACKTEST (HOLD-OUT VALIDATION)
================================================================================

📐 Loaded Model 2 coefficients:
parameter
const                     0.005032
evt_delay                -0.006396
evt_earnings             -0.003601
evt_leak                  0.001186
evt_major announcement    0.017500
evt_release              -0.013600
evt_trailer/reveal       -0.011680
is_rockstar               0.009541
market_return            -0.444114
sent_negative            -0.012965
sent_positive             0.002487
trend_gta6_z             -0.003619
trend_gta_z               0.001431
trend_gtavi_z             0.003368
trend_rockstar_z          0.006276
Name: model2_all_trends, dtype: float64

📊 Backtest dataset loaded:
   Events in backtest.csv: ['TTWO_2025_GTA6_DELAY1']

✅ Testing on 1 HOLD-OUT event(s):
                event_id event_type sentiment  AR_event
0  TTWO_2025_GTA6_DELAY1      Delay  Negative -0.081012

🧱 Design matrix X for backtest:
   const  evt_delay  evt_earnings  ...  trend_gta_z  trend_gtavi_z  trend_rockstar_z
0    1.0        1.0           0.0  ...          0.0            0.0               0.0

[1 rows x 15 columns]

================================================================================
📉 GTA6 BACKTEST – OLS MODEL 2 (HOLD-OUT EVENTS ONLY)
================================================================================
             event_id       date event_type sentiment ticker  AR_event_true  AR_event_pred    error  abs_error
TTWO_2025_GTA6_DELAY1 2025-05-02      delay  negative   TTWO      -0.081012      -0.011329 0.069683   0.069683

📊 Prediction Accuracy:
   Mean Absolute Error: 0.069683
   R²: nan

✅ Saved OLS backtest results to: /files/capstone_project/game-market-event-analyzer/results/05_summary/gta6_backtest_ols_model2.csv

✅ Step 8 complete: Backtest results saved


================================================================================
✅ PIPELINE COMPLETED SUCCESSFULLY
================================================================================

📁 RESULTS DIRECTORY STRUCTURE:

   /files/capstone_project/game-market-event-analyzer/results/
   ├── 02_ols_regression/
   │   ├── ols_regression_results.txt
   │   └── ols_regression_coeffs.csv
   ├── 03_binary_classification/
   │   ├── binary_test_results.csv
   │   ├── binary_cv_results.csv
   │   ├── binary_model_comparison.png
   │   └── *_confusion_matrix.png
   ├── 04_multiclass_classification/
   │   ├── multiclass_test_results.csv
   │   ├── multiclass_cv_results.csv
   │   ├── gta6_scenario_predictions_ml.csv
   │   ├── multiclass_model_comparison.png
   │   └── *_confusion_matrix.png
   └── 05_summary/

📈 ANALYSIS OUTPUTS:
   ✅ Step 4: OLS Regression (3 models + scenario predictions)
   ✅ Step 5: Multiclass Classification (4 models: LR, RF, GB, MLP)
   ✅ Step 6: Binary Classification (4 models: LR, RF, GB, MLP)
   ✅ Step 7: GTA 6 Scenario Predictions (ML-based)
   ✅ Step 8: Backtests on GTA VI Events (ML & OLS)
   ✅ Confusion Matrices & Model Comparisons (PNG)
   ✅ Cross-Validation Results (CSV)
   ✅ Feature Importance & Detailed Reports

================================================================================
⏰ Completed at: 2025-12-28 14:51:56
📂 All results saved to: /files/capstone_project/game-market-event-analyzer/results
================================================================================

